[0.047s] Invoking command in '/home/rahul/simple_rover/build/my_rover_bringup': CMAKE_PREFIX_PATH=${CMAKE_PREFIX_PATH}:/home/rahul/install/my_py_pkg:/home/rahul/ros2_ws/install/turtlesim_catch_them_all:/home/rahul/ros2_ws/install/turtle_sim_catch_them_all:/home/rahul/ros2_ws/install/my_py_pkg:/home/rahul/ros2_practice_ws/install/send_value:/home/rahul/ros2_practice_ws/install/robot_localization:/home/rahul/ros2_practice_ws/install/name_pub_node:/home/rahul/ros2_practice_ws/install/my_service_pkg:/opt/ros/jazzy DEBUGINFOD_URLS=https://debuginfod.ubuntu.com /usr/bin/cmake /home/rahul/simple_rover/src/my_rover_bringup -DCMAKE_INSTALL_PREFIX=/home/rahul/simple_rover/install/my_rover_bringup
[0.317s] -- The C compiler identification is GNU 13.3.0
[0.527s] -- The CXX compiler identification is GNU 13.3.0
[0.580s] -- Detecting C compiler ABI info
[0.855s] -- Detecting C compiler ABI info - done
[0.874s] -- Check for working C compiler: /usr/bin/cc - skipped
[0.877s] -- Detecting C compile features
[0.878s] -- Detecting C compile features - done
[0.902s] -- Detecting CXX compiler ABI info
[1.153s] -- Detecting CXX compiler ABI info - done
[1.193s] -- Check for working CXX compiler: /usr/bin/c++ - skipped
[1.195s] -- Detecting CXX compile features
[1.198s] -- Detecting CXX compile features - done
[1.222s] -- Found ament_cmake: 2.5.4 (/opt/ros/jazzy/share/ament_cmake/cmake)
[1.653s] -- Found Python3: /usr/bin/python3 (found version "3.12.3") found components: Interpreter 
[2.249s] -- Configuring done (2.2s)
[2.256s] -- Generating done (0.0s)
[2.259s] -- Build files have been written to: /home/rahul/simple_rover/build/my_rover_bringup
[2.270s] Invoked command in '/home/rahul/simple_rover/build/my_rover_bringup' returned '0': CMAKE_PREFIX_PATH=${CMAKE_PREFIX_PATH}:/home/rahul/install/my_py_pkg:/home/rahul/ros2_ws/install/turtlesim_catch_them_all:/home/rahul/ros2_ws/install/turtle_sim_catch_them_all:/home/rahul/ros2_ws/install/my_py_pkg:/home/rahul/ros2_practice_ws/install/send_value:/home/rahul/ros2_practice_ws/install/robot_localization:/home/rahul/ros2_practice_ws/install/name_pub_node:/home/rahul/ros2_practice_ws/install/my_service_pkg:/opt/ros/jazzy DEBUGINFOD_URLS=https://debuginfod.ubuntu.com /usr/bin/cmake /home/rahul/simple_rover/src/my_rover_bringup -DCMAKE_INSTALL_PREFIX=/home/rahul/simple_rover/install/my_rover_bringup
[2.272s] Invoking command in '/home/rahul/simple_rover/build/my_rover_bringup': CMAKE_PREFIX_PATH=${CMAKE_PREFIX_PATH}:/home/rahul/install/my_py_pkg:/home/rahul/ros2_ws/install/turtlesim_catch_them_all:/home/rahul/ros2_ws/install/turtle_sim_catch_them_all:/home/rahul/ros2_ws/install/my_py_pkg:/home/rahul/ros2_practice_ws/install/send_value:/home/rahul/ros2_practice_ws/install/robot_localization:/home/rahul/ros2_practice_ws/install/name_pub_node:/home/rahul/ros2_practice_ws/install/my_service_pkg:/opt/ros/jazzy DEBUGINFOD_URLS=https://debuginfod.ubuntu.com /usr/bin/cmake --build /home/rahul/simple_rover/build/my_rover_bringup -- -j8 -l8
[2.373s] Invoked command in '/home/rahul/simple_rover/build/my_rover_bringup' returned '0': CMAKE_PREFIX_PATH=${CMAKE_PREFIX_PATH}:/home/rahul/install/my_py_pkg:/home/rahul/ros2_ws/install/turtlesim_catch_them_all:/home/rahul/ros2_ws/install/turtle_sim_catch_them_all:/home/rahul/ros2_ws/install/my_py_pkg:/home/rahul/ros2_practice_ws/install/send_value:/home/rahul/ros2_practice_ws/install/robot_localization:/home/rahul/ros2_practice_ws/install/name_pub_node:/home/rahul/ros2_practice_ws/install/my_service_pkg:/opt/ros/jazzy DEBUGINFOD_URLS=https://debuginfod.ubuntu.com /usr/bin/cmake --build /home/rahul/simple_rover/build/my_rover_bringup -- -j8 -l8
[2.376s] Invoking command in '/home/rahul/simple_rover/build/my_rover_bringup': CMAKE_PREFIX_PATH=${CMAKE_PREFIX_PATH}:/home/rahul/install/my_py_pkg:/home/rahul/ros2_ws/install/turtlesim_catch_them_all:/home/rahul/ros2_ws/install/turtle_sim_catch_them_all:/home/rahul/ros2_ws/install/my_py_pkg:/home/rahul/ros2_practice_ws/install/send_value:/home/rahul/ros2_practice_ws/install/robot_localization:/home/rahul/ros2_practice_ws/install/name_pub_node:/home/rahul/ros2_practice_ws/install/my_service_pkg:/opt/ros/jazzy DEBUGINFOD_URLS=https://debuginfod.ubuntu.com /usr/bin/cmake --install /home/rahul/simple_rover/build/my_rover_bringup
[2.397s] -- Install configuration: ""
[2.397s] -- Installing: /home/rahul/simple_rover/install/my_rover_bringup/share/my_rover_bringup//config
[2.398s] -- Installing: /home/rahul/simple_rover/install/my_rover_bringup/share/my_rover_bringup//config/my_rover_controller.yaml
[2.398s] -- Installing: /home/rahul/simple_rover/install/my_rover_bringup/share/ament_index/resource_index/package_run_dependencies/my_rover_bringup
[2.399s] -- Installing: /home/rahul/simple_rover/install/my_rover_bringup/share/ament_index/resource_index/parent_prefix_path/my_rover_bringup
[2.399s] -- Installing: /home/rahul/simple_rover/install/my_rover_bringup/share/my_rover_bringup/environment/ament_prefix_path.sh
[2.400s] -- Installing: /home/rahul/simple_rover/install/my_rover_bringup/share/my_rover_bringup/environment/ament_prefix_path.dsv
[2.400s] -- Installing: /home/rahul/simple_rover/install/my_rover_bringup/share/my_rover_bringup/environment/path.sh
[2.400s] -- Installing: /home/rahul/simple_rover/install/my_rover_bringup/share/my_rover_bringup/environment/path.dsv
[2.401s] -- Installing: /home/rahul/simple_rover/install/my_rover_bringup/share/my_rover_bringup/local_setup.bash
[2.401s] -- Installing: /home/rahul/simple_rover/install/my_rover_bringup/share/my_rover_bringup/local_setup.sh
[2.402s] -- Installing: /home/rahul/simple_rover/install/my_rover_bringup/share/my_rover_bringup/local_setup.zsh
[2.402s] -- Installing: /home/rahul/simple_rover/install/my_rover_bringup/share/my_rover_bringup/local_setup.dsv
[2.402s] -- Installing: /home/rahul/simple_rover/install/my_rover_bringup/share/my_rover_bringup/package.dsv
[2.403s] -- Installing: /home/rahul/simple_rover/install/my_rover_bringup/share/ament_index/resource_index/packages/my_rover_bringup
[2.403s] -- Installing: /home/rahul/simple_rover/install/my_rover_bringup/share/my_rover_bringup/cmake/my_rover_bringupConfig.cmake
[2.404s] -- Installing: /home/rahul/simple_rover/install/my_rover_bringup/share/my_rover_bringup/cmake/my_rover_bringupConfig-version.cmake
[2.404s] -- Installing: /home/rahul/simple_rover/install/my_rover_bringup/share/my_rover_bringup/package.xml
[2.407s] Invoked command in '/home/rahul/simple_rover/build/my_rover_bringup' returned '0': CMAKE_PREFIX_PATH=${CMAKE_PREFIX_PATH}:/home/rahul/install/my_py_pkg:/home/rahul/ros2_ws/install/turtlesim_catch_them_all:/home/rahul/ros2_ws/install/turtle_sim_catch_them_all:/home/rahul/ros2_ws/install/my_py_pkg:/home/rahul/ros2_practice_ws/install/send_value:/home/rahul/ros2_practice_ws/install/robot_localization:/home/rahul/ros2_practice_ws/install/name_pub_node:/home/rahul/ros2_practice_ws/install/my_service_pkg:/opt/ros/jazzy DEBUGINFOD_URLS=https://debuginfod.ubuntu.com /usr/bin/cmake --install /home/rahul/simple_rover/build/my_rover_bringup
