[0.277s] DEBUG:colcon:Command line arguments: ['/usr/bin/colcon', 'build']
[0.277s] DEBUG:colcon:Parsed command line arguments: Namespace(log_base=None, log_level=None, verb_name='build', build_base='build', install_base='install', merge_install=False, symlink_install=False, test_result_base=None, continue_on_error=False, executor='parallel', parallel_workers=8, event_handlers=None, ignore_user_meta=False, metas=['./colcon.meta'], base_paths=['.'], packages_ignore=None, packages_ignore_regex=None, paths=None, packages_up_to=None, packages_up_to_regex=None, packages_above=None, packages_above_and_dependencies=None, packages_above_depth=None, packages_select_by_dep=None, packages_skip_by_dep=None, packages_skip_up_to=None, packages_select_build_failed=False, packages_skip_build_finished=False, packages_select_test_failures=False, packages_skip_test_passed=False, packages_select=None, packages_skip=None, packages_select_regex=None, packages_skip_regex=None, packages_start=None, packages_end=None, allow_overriding=[], cmake_args=None, cmake_target=None, cmake_target_skip_unavailable=False, cmake_clean_cache=False, cmake_clean_first=False, cmake_force_configure=False, ament_cmake_args=None, catkin_cmake_args=None, catkin_skip_building_tests=False, mixin_files=None, mixin=None, verb_parser=<colcon_mixin.mixin.mixin_argument.MixinArgumentDecorator object at 0x7b90049ab0b0>, verb_extension=<colcon_core.verb.build.BuildVerb object at 0x7b90049aa300>, main=<bound method BuildVerb.main of <colcon_core.verb.build.BuildVerb object at 0x7b90049aa300>>, mixin_verb=('build',))
[0.386s] Level 1:colcon.colcon_core.package_discovery:discover_packages(colcon_meta) check parameters
[0.387s] Level 1:colcon.colcon_core.package_discovery:discover_packages(recursive) check parameters
[0.387s] Level 1:colcon.colcon_core.package_discovery:discover_packages(ignore) check parameters
[0.387s] Level 1:colcon.colcon_core.package_discovery:discover_packages(path) check parameters
[0.387s] Level 1:colcon.colcon_core.package_discovery:discover_packages(colcon_meta) discover
[0.387s] Level 1:colcon.colcon_core.package_discovery:discover_packages(recursive) discover
[0.387s] INFO:colcon.colcon_core.package_discovery:Crawling recursively for packages in '/home/rahul/simple_rover'
[0.388s] Level 1:colcon.colcon_core.package_identification:_identify(.) by extensions ['ignore', 'ignore_ament_install']
[0.388s] Level 1:colcon.colcon_core.package_identification:_identify(.) by extension 'ignore'
[0.388s] Level 1:colcon.colcon_core.package_identification:_identify(.) by extension 'ignore_ament_install'
[0.388s] Level 1:colcon.colcon_core.package_identification:_identify(.) by extensions ['colcon_pkg']
[0.388s] Level 1:colcon.colcon_core.package_identification:_identify(.) by extension 'colcon_pkg'
[0.388s] Level 1:colcon.colcon_core.package_identification:_identify(.) by extensions ['colcon_meta']
[0.388s] Level 1:colcon.colcon_core.package_identification:_identify(.) by extension 'colcon_meta'
[0.388s] Level 1:colcon.colcon_core.package_identification:_identify(.) by extensions ['ros']
[0.389s] Level 1:colcon.colcon_core.package_identification:_identify(.) by extension 'ros'
[0.446s] Level 1:colcon.colcon_core.package_identification:_identify(.) by extensions ['cmake', 'python']
[0.446s] Level 1:colcon.colcon_core.package_identification:_identify(.) by extension 'cmake'
[0.446s] Level 1:colcon.colcon_core.package_identification:_identify(.) by extension 'python'
[0.446s] Level 1:colcon.colcon_core.package_identification:_identify(.) by extensions ['python_setup_py']
[0.447s] Level 1:colcon.colcon_core.package_identification:_identify(.) by extension 'python_setup_py'
[0.447s] Level 1:colcon.colcon_core.package_identification:_identify(build) by extensions ['ignore', 'ignore_ament_install']
[0.448s] Level 1:colcon.colcon_core.package_identification:_identify(build) by extension 'ignore'
[0.448s] Level 1:colcon.colcon_core.package_identification:_identify(build) ignored
[0.449s] Level 1:colcon.colcon_core.package_identification:_identify(install) by extensions ['ignore', 'ignore_ament_install']
[0.449s] Level 1:colcon.colcon_core.package_identification:_identify(install) by extension 'ignore'
[0.450s] Level 1:colcon.colcon_core.package_identification:_identify(install) ignored
[0.450s] Level 1:colcon.colcon_core.package_identification:_identify(log) by extensions ['ignore', 'ignore_ament_install']
[0.450s] Level 1:colcon.colcon_core.package_identification:_identify(log) by extension 'ignore'
[0.450s] Level 1:colcon.colcon_core.package_identification:_identify(log) ignored
[0.451s] Level 1:colcon.colcon_core.package_identification:_identify(src) by extensions ['ignore', 'ignore_ament_install']
[0.451s] Level 1:colcon.colcon_core.package_identification:_identify(src) by extension 'ignore'
[0.451s] Level 1:colcon.colcon_core.package_identification:_identify(src) by extension 'ignore_ament_install'
[0.451s] Level 1:colcon.colcon_core.package_identification:_identify(src) by extensions ['colcon_pkg']
[0.451s] Level 1:colcon.colcon_core.package_identification:_identify(src) by extension 'colcon_pkg'
[0.452s] Level 1:colcon.colcon_core.package_identification:_identify(src) by extensions ['colcon_meta']
[0.452s] Level 1:colcon.colcon_core.package_identification:_identify(src) by extension 'colcon_meta'
[0.452s] Level 1:colcon.colcon_core.package_identification:_identify(src) by extensions ['ros']
[0.452s] Level 1:colcon.colcon_core.package_identification:_identify(src) by extension 'ros'
[0.452s] Level 1:colcon.colcon_core.package_identification:_identify(src) by extensions ['cmake', 'python']
[0.452s] Level 1:colcon.colcon_core.package_identification:_identify(src) by extension 'cmake'
[0.452s] Level 1:colcon.colcon_core.package_identification:_identify(src) by extension 'python'
[0.452s] Level 1:colcon.colcon_core.package_identification:_identify(src) by extensions ['python_setup_py']
[0.452s] Level 1:colcon.colcon_core.package_identification:_identify(src) by extension 'python_setup_py'
[0.452s] Level 1:colcon.colcon_core.package_identification:_identify(src/my_rover_bringup) by extensions ['ignore', 'ignore_ament_install']
[0.453s] Level 1:colcon.colcon_core.package_identification:_identify(src/my_rover_bringup) by extension 'ignore'
[0.453s] Level 1:colcon.colcon_core.package_identification:_identify(src/my_rover_bringup) by extension 'ignore_ament_install'
[0.453s] Level 1:colcon.colcon_core.package_identification:_identify(src/my_rover_bringup) by extensions ['colcon_pkg']
[0.453s] Level 1:colcon.colcon_core.package_identification:_identify(src/my_rover_bringup) by extension 'colcon_pkg'
[0.453s] Level 1:colcon.colcon_core.package_identification:_identify(src/my_rover_bringup) by extensions ['colcon_meta']
[0.453s] Level 1:colcon.colcon_core.package_identification:_identify(src/my_rover_bringup) by extension 'colcon_meta'
[0.453s] Level 1:colcon.colcon_core.package_identification:_identify(src/my_rover_bringup) by extensions ['ros']
[0.454s] Level 1:colcon.colcon_core.package_identification:_identify(src/my_rover_bringup) by extension 'ros'
[0.460s] DEBUG:colcon.colcon_core.package_identification:Package 'src/my_rover_bringup' with type 'ros.ament_cmake' and name 'my_rover_bringup'
[0.461s] Level 1:colcon.colcon_core.package_identification:_identify(src/my_rover_description) by extensions ['ignore', 'ignore_ament_install']
[0.461s] Level 1:colcon.colcon_core.package_identification:_identify(src/my_rover_description) by extension 'ignore'
[0.461s] Level 1:colcon.colcon_core.package_identification:_identify(src/my_rover_description) by extension 'ignore_ament_install'
[0.461s] Level 1:colcon.colcon_core.package_identification:_identify(src/my_rover_description) by extensions ['colcon_pkg']
[0.461s] Level 1:colcon.colcon_core.package_identification:_identify(src/my_rover_description) by extension 'colcon_pkg'
[0.461s] Level 1:colcon.colcon_core.package_identification:_identify(src/my_rover_description) by extensions ['colcon_meta']
[0.462s] Level 1:colcon.colcon_core.package_identification:_identify(src/my_rover_description) by extension 'colcon_meta'
[0.462s] Level 1:colcon.colcon_core.package_identification:_identify(src/my_rover_description) by extensions ['ros']
[0.462s] Level 1:colcon.colcon_core.package_identification:_identify(src/my_rover_description) by extension 'ros'
[0.464s] DEBUG:colcon.colcon_core.package_identification:Package 'src/my_rover_description' with type 'ros.ament_cmake' and name 'my_rover_description'
[0.464s] Level 1:colcon.colcon_core.package_discovery:discover_packages(recursive) using defaults
[0.464s] Level 1:colcon.colcon_core.package_discovery:discover_packages(ignore) discover
[0.464s] Level 1:colcon.colcon_core.package_discovery:discover_packages(ignore) using defaults
[0.464s] Level 1:colcon.colcon_core.package_discovery:discover_packages(path) discover
[0.464s] Level 1:colcon.colcon_core.package_discovery:discover_packages(path) using defaults
[0.508s] Level 1:colcon.colcon_core.package_discovery:discover_packages(prefix_path) check parameters
[0.508s] Level 1:colcon.colcon_core.package_discovery:discover_packages(prefix_path) discover
[0.514s] DEBUG:colcon.colcon_installed_package_information.package_discovery:Found 2 installed packages in /home/rahul/simple_rover/install
[0.515s] DEBUG:colcon.colcon_installed_package_information.package_discovery:Found 3 installed packages in /home/rahul/bumper_bot_rover/install
[0.516s] DEBUG:colcon.colcon_installed_package_information.package_discovery:Found 3 installed packages in /home/rahul/install
[0.517s] DEBUG:colcon.colcon_installed_package_information.package_discovery:Found 7 installed packages in /home/rahul/ros2_ws/install
[0.519s] DEBUG:colcon.colcon_installed_package_information.package_discovery:Found 1 installed packages in /home/rahul/gazebo_practice/install
[0.520s] DEBUG:colcon.colcon_installed_package_information.package_discovery:Found 6 installed packages in /home/rahul/ros2_practice_ws/install
[0.521s] DEBUG:colcon.colcon_installed_package_information.package_discovery:Found 2 installed packages in /home/rahul/ros2_control_ws/install
[0.526s] DEBUG:colcon.colcon_installed_package_information.package_discovery:Found 495 installed packages in /opt/ros/jazzy
[0.530s] Level 1:colcon.colcon_core.package_discovery:discover_packages(prefix_path) using defaults
[0.668s] Level 5:colcon.colcon_core.verb:set package 'my_rover_bringup' build argument 'cmake_args' from command line to 'None'
[0.669s] Level 5:colcon.colcon_core.verb:set package 'my_rover_bringup' build argument 'cmake_target' from command line to 'None'
[0.669s] Level 5:colcon.colcon_core.verb:set package 'my_rover_bringup' build argument 'cmake_target_skip_unavailable' from command line to 'False'
[0.669s] Level 5:colcon.colcon_core.verb:set package 'my_rover_bringup' build argument 'cmake_clean_cache' from command line to 'False'
[0.669s] Level 5:colcon.colcon_core.verb:set package 'my_rover_bringup' build argument 'cmake_clean_first' from command line to 'False'
[0.669s] Level 5:colcon.colcon_core.verb:set package 'my_rover_bringup' build argument 'cmake_force_configure' from command line to 'False'
[0.669s] Level 5:colcon.colcon_core.verb:set package 'my_rover_bringup' build argument 'ament_cmake_args' from command line to 'None'
[0.669s] Level 5:colcon.colcon_core.verb:set package 'my_rover_bringup' build argument 'catkin_cmake_args' from command line to 'None'
[0.669s] Level 5:colcon.colcon_core.verb:set package 'my_rover_bringup' build argument 'catkin_skip_building_tests' from command line to 'False'
[0.669s] DEBUG:colcon.colcon_core.verb:Building package 'my_rover_bringup' with the following arguments: {'ament_cmake_args': None, 'build_base': '/home/rahul/simple_rover/build/my_rover_bringup', 'catkin_cmake_args': None, 'catkin_skip_building_tests': False, 'cmake_args': None, 'cmake_clean_cache': False, 'cmake_clean_first': False, 'cmake_force_configure': False, 'cmake_target': None, 'cmake_target_skip_unavailable': False, 'install_base': '/home/rahul/simple_rover/install/my_rover_bringup', 'merge_install': False, 'path': '/home/rahul/simple_rover/src/my_rover_bringup', 'symlink_install': False, 'test_result_base': None}
[0.670s] Level 5:colcon.colcon_core.verb:set package 'my_rover_description' build argument 'cmake_args' from command line to 'None'
[0.670s] Level 5:colcon.colcon_core.verb:set package 'my_rover_description' build argument 'cmake_target' from command line to 'None'
[0.670s] Level 5:colcon.colcon_core.verb:set package 'my_rover_description' build argument 'cmake_target_skip_unavailable' from command line to 'False'
[0.670s] Level 5:colcon.colcon_core.verb:set package 'my_rover_description' build argument 'cmake_clean_cache' from command line to 'False'
[0.670s] Level 5:colcon.colcon_core.verb:set package 'my_rover_description' build argument 'cmake_clean_first' from command line to 'False'
[0.670s] Level 5:colcon.colcon_core.verb:set package 'my_rover_description' build argument 'cmake_force_configure' from command line to 'False'
[0.670s] Level 5:colcon.colcon_core.verb:set package 'my_rover_description' build argument 'ament_cmake_args' from command line to 'None'
[0.670s] Level 5:colcon.colcon_core.verb:set package 'my_rover_description' build argument 'catkin_cmake_args' from command line to 'None'
[0.670s] Level 5:colcon.colcon_core.verb:set package 'my_rover_description' build argument 'catkin_skip_building_tests' from command line to 'False'
[0.670s] DEBUG:colcon.colcon_core.verb:Building package 'my_rover_description' with the following arguments: {'ament_cmake_args': None, 'build_base': '/home/rahul/simple_rover/build/my_rover_description', 'catkin_cmake_args': None, 'catkin_skip_building_tests': False, 'cmake_args': None, 'cmake_clean_cache': False, 'cmake_clean_first': False, 'cmake_force_configure': False, 'cmake_target': None, 'cmake_target_skip_unavailable': False, 'install_base': '/home/rahul/simple_rover/install/my_rover_description', 'merge_install': False, 'path': '/home/rahul/simple_rover/src/my_rover_description', 'symlink_install': False, 'test_result_base': None}
[0.670s] INFO:colcon.colcon_core.executor:Executing jobs using 'parallel' executor
[0.672s] DEBUG:colcon.colcon_parallel_executor.executor.parallel:run_until_complete
[0.673s] INFO:colcon.colcon_ros.task.ament_cmake.build:Building ROS package in '/home/rahul/simple_rover/src/my_rover_bringup' with build type 'ament_cmake'
[0.673s] INFO:colcon.colcon_cmake.task.cmake.build:Building CMake package in '/home/rahul/simple_rover/src/my_rover_bringup'
[0.681s] INFO:colcon.colcon_core.plugin_system:Skipping extension 'colcon_core.shell.bat': Not used on non-Windows systems
[0.682s] INFO:colcon.colcon_core.shell:Skip shell extension 'powershell' for command environment: Not usable outside of PowerShell
[0.682s] DEBUG:colcon.colcon_core.shell:Skip shell extension 'dsv' for command environment
[0.699s] INFO:colcon.colcon_ros.task.ament_cmake.build:Building ROS package in '/home/rahul/simple_rover/src/my_rover_description' with build type 'ament_cmake'
[0.699s] INFO:colcon.colcon_cmake.task.cmake.build:Building CMake package in '/home/rahul/simple_rover/src/my_rover_description'
[0.699s] INFO:colcon.colcon_core.shell:Skip shell extension 'powershell' for command environment: Not usable outside of PowerShell
[0.700s] DEBUG:colcon.colcon_core.shell:Skip shell extension 'dsv' for command environment
[0.728s] DEBUG:colcon.colcon_core.event_handler.log_command:Invoking command in '/home/rahul/simple_rover/build/my_rover_bringup': CMAKE_PREFIX_PATH=${CMAKE_PREFIX_PATH}:/home/rahul/install/my_py_pkg:/home/rahul/ros2_ws/install/turtlesim_catch_them_all:/home/rahul/ros2_ws/install/turtle_sim_catch_them_all:/home/rahul/ros2_ws/install/my_py_pkg:/home/rahul/ros2_practice_ws/install/send_value:/home/rahul/ros2_practice_ws/install/robot_localization:/home/rahul/ros2_practice_ws/install/name_pub_node:/home/rahul/ros2_practice_ws/install/my_service_pkg:/opt/ros/jazzy DEBUGINFOD_URLS=https://debuginfod.ubuntu.com /usr/bin/cmake --build /home/rahul/simple_rover/build/my_rover_bringup -- -j8 -l8
[0.778s] DEBUG:colcon.colcon_core.event_handler.log_command:Invoking command in '/home/rahul/simple_rover/build/my_rover_description': CMAKE_PREFIX_PATH=${CMAKE_PREFIX_PATH}:/home/rahul/install/my_py_pkg:/home/rahul/ros2_ws/install/turtlesim_catch_them_all:/home/rahul/ros2_ws/install/turtle_sim_catch_them_all:/home/rahul/ros2_ws/install/my_py_pkg:/home/rahul/ros2_practice_ws/install/send_value:/home/rahul/ros2_practice_ws/install/robot_localization:/home/rahul/ros2_practice_ws/install/name_pub_node:/home/rahul/ros2_practice_ws/install/my_service_pkg:/opt/ros/jazzy DEBUGINFOD_URLS=https://debuginfod.ubuntu.com /usr/bin/cmake --build /home/rahul/simple_rover/build/my_rover_description -- -j8 -l8
[0.844s] DEBUG:colcon.colcon_core.event_handler.log_command:Invoked command in '/home/rahul/simple_rover/build/my_rover_bringup' returned '0': CMAKE_PREFIX_PATH=${CMAKE_PREFIX_PATH}:/home/rahul/install/my_py_pkg:/home/rahul/ros2_ws/install/turtlesim_catch_them_all:/home/rahul/ros2_ws/install/turtle_sim_catch_them_all:/home/rahul/ros2_ws/install/my_py_pkg:/home/rahul/ros2_practice_ws/install/send_value:/home/rahul/ros2_practice_ws/install/robot_localization:/home/rahul/ros2_practice_ws/install/name_pub_node:/home/rahul/ros2_practice_ws/install/my_service_pkg:/opt/ros/jazzy DEBUGINFOD_URLS=https://debuginfod.ubuntu.com /usr/bin/cmake --build /home/rahul/simple_rover/build/my_rover_bringup -- -j8 -l8
[0.870s] DEBUG:colcon.colcon_core.event_handler.log_command:Invoking command in '/home/rahul/simple_rover/build/my_rover_bringup': CMAKE_PREFIX_PATH=${CMAKE_PREFIX_PATH}:/home/rahul/install/my_py_pkg:/home/rahul/ros2_ws/install/turtlesim_catch_them_all:/home/rahul/ros2_ws/install/turtle_sim_catch_them_all:/home/rahul/ros2_ws/install/my_py_pkg:/home/rahul/ros2_practice_ws/install/send_value:/home/rahul/ros2_practice_ws/install/robot_localization:/home/rahul/ros2_practice_ws/install/name_pub_node:/home/rahul/ros2_practice_ws/install/my_service_pkg:/opt/ros/jazzy DEBUGINFOD_URLS=https://debuginfod.ubuntu.com /usr/bin/cmake --install /home/rahul/simple_rover/build/my_rover_bringup
[0.876s] DEBUG:colcon.colcon_core.event_handler.log_command:Invoked command in '/home/rahul/simple_rover/build/my_rover_description' returned '0': CMAKE_PREFIX_PATH=${CMAKE_PREFIX_PATH}:/home/rahul/install/my_py_pkg:/home/rahul/ros2_ws/install/turtlesim_catch_them_all:/home/rahul/ros2_ws/install/turtle_sim_catch_them_all:/home/rahul/ros2_ws/install/my_py_pkg:/home/rahul/ros2_practice_ws/install/send_value:/home/rahul/ros2_practice_ws/install/robot_localization:/home/rahul/ros2_practice_ws/install/name_pub_node:/home/rahul/ros2_practice_ws/install/my_service_pkg:/opt/ros/jazzy DEBUGINFOD_URLS=https://debuginfod.ubuntu.com /usr/bin/cmake --build /home/rahul/simple_rover/build/my_rover_description -- -j8 -l8
[0.879s] DEBUG:colcon.colcon_core.event_handler.log_command:Invoking command in '/home/rahul/simple_rover/build/my_rover_description': CMAKE_PREFIX_PATH=${CMAKE_PREFIX_PATH}:/home/rahul/install/my_py_pkg:/home/rahul/ros2_ws/install/turtlesim_catch_them_all:/home/rahul/ros2_ws/install/turtle_sim_catch_them_all:/home/rahul/ros2_ws/install/my_py_pkg:/home/rahul/ros2_practice_ws/install/send_value:/home/rahul/ros2_practice_ws/install/robot_localization:/home/rahul/ros2_practice_ws/install/name_pub_node:/home/rahul/ros2_practice_ws/install/my_service_pkg:/opt/ros/jazzy DEBUGINFOD_URLS=https://debuginfod.ubuntu.com /usr/bin/cmake --install /home/rahul/simple_rover/build/my_rover_description
[0.899s] Level 1:colcon.colcon_core.environment:create_environment_scripts_only(my_rover_bringup)
[0.900s] DEBUG:colcon.colcon_core.event_handler.log_command:Invoked command in '/home/rahul/simple_rover/build/my_rover_bringup' returned '0': CMAKE_PREFIX_PATH=${CMAKE_PREFIX_PATH}:/home/rahul/install/my_py_pkg:/home/rahul/ros2_ws/install/turtlesim_catch_them_all:/home/rahul/ros2_ws/install/turtle_sim_catch_them_all:/home/rahul/ros2_ws/install/my_py_pkg:/home/rahul/ros2_practice_ws/install/send_value:/home/rahul/ros2_practice_ws/install/robot_localization:/home/rahul/ros2_practice_ws/install/name_pub_node:/home/rahul/ros2_practice_ws/install/my_service_pkg:/opt/ros/jazzy DEBUGINFOD_URLS=https://debuginfod.ubuntu.com /usr/bin/cmake --install /home/rahul/simple_rover/build/my_rover_bringup
[0.915s] Level 1:colcon.colcon_core.environment:checking '/home/rahul/simple_rover/install/my_rover_bringup' for CMake module files
[0.916s] Level 1:colcon.colcon_core.environment:checking '/home/rahul/simple_rover/install/my_rover_bringup' for CMake config files
[0.916s] Level 1:colcon.colcon_core.shell:create_environment_hook('my_rover_bringup', 'cmake_prefix_path')
[0.917s] INFO:colcon.colcon_core.shell:Creating environment hook '/home/rahul/simple_rover/install/my_rover_bringup/share/my_rover_bringup/hook/cmake_prefix_path.ps1'
[0.918s] INFO:colcon.colcon_core.shell:Creating environment descriptor '/home/rahul/simple_rover/install/my_rover_bringup/share/my_rover_bringup/hook/cmake_prefix_path.dsv'
[0.919s] INFO:colcon.colcon_core.shell:Creating environment hook '/home/rahul/simple_rover/install/my_rover_bringup/share/my_rover_bringup/hook/cmake_prefix_path.sh'
[0.921s] Level 1:colcon.colcon_core.environment:checking '/home/rahul/simple_rover/install/my_rover_bringup/bin'
[0.921s] Level 1:colcon.colcon_core.environment:checking '/home/rahul/simple_rover/install/my_rover_bringup/lib/pkgconfig/my_rover_bringup.pc'
[0.921s] Level 1:colcon.colcon_core.environment:checking '/home/rahul/simple_rover/install/my_rover_bringup/lib/python3.12/site-packages'
[0.922s] Level 1:colcon.colcon_core.environment:checking '/home/rahul/simple_rover/install/my_rover_bringup/bin'
[0.922s] INFO:colcon.colcon_core.shell:Creating package script '/home/rahul/simple_rover/install/my_rover_bringup/share/my_rover_bringup/package.ps1'
[0.924s] INFO:colcon.colcon_core.shell:Creating package descriptor '/home/rahul/simple_rover/install/my_rover_bringup/share/my_rover_bringup/package.dsv'
[0.925s] INFO:colcon.colcon_core.shell:Creating package script '/home/rahul/simple_rover/install/my_rover_bringup/share/my_rover_bringup/package.sh'
[0.927s] INFO:colcon.colcon_core.shell:Creating package script '/home/rahul/simple_rover/install/my_rover_bringup/share/my_rover_bringup/package.bash'
[0.928s] INFO:colcon.colcon_core.shell:Creating package script '/home/rahul/simple_rover/install/my_rover_bringup/share/my_rover_bringup/package.zsh'
[0.929s] Level 1:colcon.colcon_core.environment:create_file_with_runtime_dependencies(/home/rahul/simple_rover/install/my_rover_bringup/share/colcon-core/packages/my_rover_bringup)
[0.930s] Level 1:colcon.colcon_core.environment:create_environment_scripts_only(my_rover_bringup)
[0.930s] Level 1:colcon.colcon_core.environment:checking '/home/rahul/simple_rover/install/my_rover_bringup' for CMake module files
[0.931s] Level 1:colcon.colcon_core.environment:checking '/home/rahul/simple_rover/install/my_rover_bringup' for CMake config files
[0.932s] Level 1:colcon.colcon_core.shell:create_environment_hook('my_rover_bringup', 'cmake_prefix_path')
[0.932s] INFO:colcon.colcon_core.shell:Creating environment hook '/home/rahul/simple_rover/install/my_rover_bringup/share/my_rover_bringup/hook/cmake_prefix_path.ps1'
[0.933s] INFO:colcon.colcon_core.shell:Creating environment descriptor '/home/rahul/simple_rover/install/my_rover_bringup/share/my_rover_bringup/hook/cmake_prefix_path.dsv'
[0.934s] INFO:colcon.colcon_core.shell:Creating environment hook '/home/rahul/simple_rover/install/my_rover_bringup/share/my_rover_bringup/hook/cmake_prefix_path.sh'
[0.935s] Level 1:colcon.colcon_core.environment:checking '/home/rahul/simple_rover/install/my_rover_bringup/bin'
[0.935s] Level 1:colcon.colcon_core.environment:checking '/home/rahul/simple_rover/install/my_rover_bringup/lib/pkgconfig/my_rover_bringup.pc'
[0.935s] Level 1:colcon.colcon_core.environment:checking '/home/rahul/simple_rover/install/my_rover_bringup/lib/python3.12/site-packages'
[0.936s] Level 1:colcon.colcon_core.environment:checking '/home/rahul/simple_rover/install/my_rover_bringup/bin'
[0.936s] INFO:colcon.colcon_core.shell:Creating package script '/home/rahul/simple_rover/install/my_rover_bringup/share/my_rover_bringup/package.ps1'
[0.937s] INFO:colcon.colcon_core.shell:Creating package descriptor '/home/rahul/simple_rover/install/my_rover_bringup/share/my_rover_bringup/package.dsv'
[0.938s] INFO:colcon.colcon_core.shell:Creating package script '/home/rahul/simple_rover/install/my_rover_bringup/share/my_rover_bringup/package.sh'
[0.939s] INFO:colcon.colcon_core.shell:Creating package script '/home/rahul/simple_rover/install/my_rover_bringup/share/my_rover_bringup/package.bash'
[0.940s] INFO:colcon.colcon_core.shell:Creating package script '/home/rahul/simple_rover/install/my_rover_bringup/share/my_rover_bringup/package.zsh'
[0.941s] Level 1:colcon.colcon_core.environment:create_file_with_runtime_dependencies(/home/rahul/simple_rover/install/my_rover_bringup/share/colcon-core/packages/my_rover_bringup)
[0.943s] Level 1:colcon.colcon_core.environment:create_environment_scripts_only(my_rover_description)
[0.944s] Level 1:colcon.colcon_core.environment:checking '/home/rahul/simple_rover/install/my_rover_description' for CMake module files
[0.946s] DEBUG:colcon.colcon_core.event_handler.log_command:Invoked command in '/home/rahul/simple_rover/build/my_rover_description' returned '0': CMAKE_PREFIX_PATH=${CMAKE_PREFIX_PATH}:/home/rahul/install/my_py_pkg:/home/rahul/ros2_ws/install/turtlesim_catch_them_all:/home/rahul/ros2_ws/install/turtle_sim_catch_them_all:/home/rahul/ros2_ws/install/my_py_pkg:/home/rahul/ros2_practice_ws/install/send_value:/home/rahul/ros2_practice_ws/install/robot_localization:/home/rahul/ros2_practice_ws/install/name_pub_node:/home/rahul/ros2_practice_ws/install/my_service_pkg:/opt/ros/jazzy DEBUGINFOD_URLS=https://debuginfod.ubuntu.com /usr/bin/cmake --install /home/rahul/simple_rover/build/my_rover_description
[0.947s] Level 1:colcon.colcon_core.environment:checking '/home/rahul/simple_rover/install/my_rover_description' for CMake config files
[0.947s] Level 1:colcon.colcon_core.shell:create_environment_hook('my_rover_description', 'cmake_prefix_path')
[0.948s] INFO:colcon.colcon_core.shell:Creating environment hook '/home/rahul/simple_rover/install/my_rover_description/share/my_rover_description/hook/cmake_prefix_path.ps1'
[0.949s] INFO:colcon.colcon_core.shell:Creating environment descriptor '/home/rahul/simple_rover/install/my_rover_description/share/my_rover_description/hook/cmake_prefix_path.dsv'
[0.950s] INFO:colcon.colcon_core.shell:Creating environment hook '/home/rahul/simple_rover/install/my_rover_description/share/my_rover_description/hook/cmake_prefix_path.sh'
[0.951s] Level 1:colcon.colcon_core.environment:checking '/home/rahul/simple_rover/install/my_rover_description/bin'
[0.951s] Level 1:colcon.colcon_core.environment:checking '/home/rahul/simple_rover/install/my_rover_description/lib/pkgconfig/my_rover_description.pc'
[0.951s] Level 1:colcon.colcon_core.environment:checking '/home/rahul/simple_rover/install/my_rover_description/lib/python3.12/site-packages'
[0.952s] Level 1:colcon.colcon_core.environment:checking '/home/rahul/simple_rover/install/my_rover_description/bin'
[0.953s] INFO:colcon.colcon_core.shell:Creating package script '/home/rahul/simple_rover/install/my_rover_description/share/my_rover_description/package.ps1'
[0.954s] INFO:colcon.colcon_core.shell:Creating package descriptor '/home/rahul/simple_rover/install/my_rover_description/share/my_rover_description/package.dsv'
[0.954s] INFO:colcon.colcon_core.shell:Creating package script '/home/rahul/simple_rover/install/my_rover_description/share/my_rover_description/package.sh'
[0.955s] INFO:colcon.colcon_core.shell:Creating package script '/home/rahul/simple_rover/install/my_rover_description/share/my_rover_description/package.bash'
[0.956s] INFO:colcon.colcon_core.shell:Creating package script '/home/rahul/simple_rover/install/my_rover_description/share/my_rover_description/package.zsh'
[0.956s] Level 1:colcon.colcon_core.environment:create_file_with_runtime_dependencies(/home/rahul/simple_rover/install/my_rover_description/share/colcon-core/packages/my_rover_description)
[0.958s] Level 1:colcon.colcon_core.environment:create_environment_scripts_only(my_rover_description)
[0.958s] Level 1:colcon.colcon_core.environment:checking '/home/rahul/simple_rover/install/my_rover_description' for CMake module files
[0.959s] Level 1:colcon.colcon_core.environment:checking '/home/rahul/simple_rover/install/my_rover_description' for CMake config files
[0.959s] Level 1:colcon.colcon_core.shell:create_environment_hook('my_rover_description', 'cmake_prefix_path')
[0.960s] INFO:colcon.colcon_core.shell:Creating environment hook '/home/rahul/simple_rover/install/my_rover_description/share/my_rover_description/hook/cmake_prefix_path.ps1'
[0.961s] INFO:colcon.colcon_core.shell:Creating environment descriptor '/home/rahul/simple_rover/install/my_rover_description/share/my_rover_description/hook/cmake_prefix_path.dsv'
[0.961s] INFO:colcon.colcon_core.shell:Creating environment hook '/home/rahul/simple_rover/install/my_rover_description/share/my_rover_description/hook/cmake_prefix_path.sh'
[0.962s] Level 1:colcon.colcon_core.environment:checking '/home/rahul/simple_rover/install/my_rover_description/bin'
[0.962s] Level 1:colcon.colcon_core.environment:checking '/home/rahul/simple_rover/install/my_rover_description/lib/pkgconfig/my_rover_description.pc'
[0.963s] Level 1:colcon.colcon_core.environment:checking '/home/rahul/simple_rover/install/my_rover_description/lib/python3.12/site-packages'
[0.963s] Level 1:colcon.colcon_core.environment:checking '/home/rahul/simple_rover/install/my_rover_description/bin'
[0.964s] INFO:colcon.colcon_core.shell:Creating package script '/home/rahul/simple_rover/install/my_rover_description/share/my_rover_description/package.ps1'
[0.965s] INFO:colcon.colcon_core.shell:Creating package descriptor '/home/rahul/simple_rover/install/my_rover_description/share/my_rover_description/package.dsv'
[0.966s] INFO:colcon.colcon_core.shell:Creating package script '/home/rahul/simple_rover/install/my_rover_description/share/my_rover_description/package.sh'
[0.967s] INFO:colcon.colcon_core.shell:Creating package script '/home/rahul/simple_rover/install/my_rover_description/share/my_rover_description/package.bash'
[0.968s] INFO:colcon.colcon_core.shell:Creating package script '/home/rahul/simple_rover/install/my_rover_description/share/my_rover_description/package.zsh'
[0.968s] Level 1:colcon.colcon_core.environment:create_file_with_runtime_dependencies(/home/rahul/simple_rover/install/my_rover_description/share/colcon-core/packages/my_rover_description)
[0.969s] DEBUG:colcon.colcon_parallel_executor.executor.parallel:closing loop
[0.971s] DEBUG:colcon.colcon_parallel_executor.executor.parallel:loop closed
[0.971s] DEBUG:colcon.colcon_parallel_executor.executor.parallel:run_until_complete finished with '0'
[0.971s] DEBUG:colcon.colcon_core.event_reactor:joining thread
[0.992s] INFO:colcon.colcon_core.plugin_system:Skipping extension 'colcon_notification.desktop_notification.terminal_notifier': Not used on non-Darwin systems
[0.993s] INFO:colcon.colcon_core.plugin_system:Skipping extension 'colcon_notification.desktop_notification.win32': Not used on non-Windows systems
[0.993s] INFO:colcon.colcon_notification.desktop_notification:Sending desktop notification using 'notify2'
[1.037s] DEBUG:colcon.colcon_core.event_reactor:joined thread
[1.038s] INFO:colcon.colcon_core.shell:Creating prefix script '/home/rahul/simple_rover/install/local_setup.ps1'
[1.040s] INFO:colcon.colcon_core.shell:Creating prefix util module '/home/rahul/simple_rover/install/_local_setup_util_ps1.py'
[1.042s] INFO:colcon.colcon_core.shell:Creating prefix chain script '/home/rahul/simple_rover/install/setup.ps1'
[1.048s] INFO:colcon.colcon_core.shell:Creating prefix script '/home/rahul/simple_rover/install/local_setup.sh'
[1.049s] INFO:colcon.colcon_core.shell:Creating prefix util module '/home/rahul/simple_rover/install/_local_setup_util_sh.py'
[1.051s] INFO:colcon.colcon_core.shell:Creating prefix chain script '/home/rahul/simple_rover/install/setup.sh'
[1.057s] INFO:colcon.colcon_core.shell:Creating prefix script '/home/rahul/simple_rover/install/local_setup.bash'
[1.058s] INFO:colcon.colcon_core.shell:Creating prefix chain script '/home/rahul/simple_rover/install/setup.bash'
[1.063s] INFO:colcon.colcon_core.shell:Creating prefix script '/home/rahul/simple_rover/install/local_setup.zsh'
[1.064s] INFO:colcon.colcon_core.shell:Creating prefix chain script '/home/rahul/simple_rover/install/setup.zsh'
