[0.171s] DEBUG:colcon:Command line arguments: ['/usr/bin/colcon', 'build']
[0.171s] DEBUG:colcon:Parsed command line arguments: Namespace(log_base=None, log_level=None, verb_name='build', build_base='build', install_base='install', merge_install=False, symlink_install=False, test_result_base=None, continue_on_error=False, executor='parallel', parallel_workers=8, event_handlers=None, ignore_user_meta=False, metas=['./colcon.meta'], base_paths=['.'], packages_ignore=None, packages_ignore_regex=None, paths=None, packages_up_to=None, packages_up_to_regex=None, packages_above=None, packages_above_and_dependencies=None, packages_above_depth=None, packages_select_by_dep=None, packages_skip_by_dep=None, packages_skip_up_to=None, packages_select_build_failed=False, packages_skip_build_finished=False, packages_select_test_failures=False, packages_skip_test_passed=False, packages_select=None, packages_skip=None, packages_select_regex=None, packages_skip_regex=None, packages_start=None, packages_end=None, allow_overriding=[], cmake_args=None, cmake_target=None, cmake_target_skip_unavailable=False, cmake_clean_cache=False, cmake_clean_first=False, cmake_force_configure=False, ament_cmake_args=None, catkin_cmake_args=None, catkin_skip_building_tests=False, mixin_files=None, mixin=None, verb_parser=<colcon_mixin.mixin.mixin_argument.MixinArgumentDecorator object at 0x7c3140bb2de0>, verb_extension=<colcon_core.verb.build.BuildVerb object at 0x7c3140bb14c0>, main=<bound method BuildVerb.main of <colcon_core.verb.build.BuildVerb object at 0x7c3140bb14c0>>, mixin_verb=('build',))
[0.226s] Level 1:colcon.colcon_core.package_discovery:discover_packages(colcon_meta) check parameters
[0.227s] Level 1:colcon.colcon_core.package_discovery:discover_packages(recursive) check parameters
[0.227s] Level 1:colcon.colcon_core.package_discovery:discover_packages(ignore) check parameters
[0.227s] Level 1:colcon.colcon_core.package_discovery:discover_packages(path) check parameters
[0.227s] Level 1:colcon.colcon_core.package_discovery:discover_packages(colcon_meta) discover
[0.227s] Level 1:colcon.colcon_core.package_discovery:discover_packages(recursive) discover
[0.227s] INFO:colcon.colcon_core.package_discovery:Crawling recursively for packages in '/home/rahul/simple_rover'
[0.227s] Level 1:colcon.colcon_core.package_identification:_identify(.) by extensions ['ignore', 'ignore_ament_install']
[0.227s] Level 1:colcon.colcon_core.package_identification:_identify(.) by extension 'ignore'
[0.227s] Level 1:colcon.colcon_core.package_identification:_identify(.) by extension 'ignore_ament_install'
[0.228s] Level 1:colcon.colcon_core.package_identification:_identify(.) by extensions ['colcon_pkg']
[0.228s] Level 1:colcon.colcon_core.package_identification:_identify(.) by extension 'colcon_pkg'
[0.228s] Level 1:colcon.colcon_core.package_identification:_identify(.) by extensions ['colcon_meta']
[0.228s] Level 1:colcon.colcon_core.package_identification:_identify(.) by extension 'colcon_meta'
[0.228s] Level 1:colcon.colcon_core.package_identification:_identify(.) by extensions ['ros']
[0.228s] Level 1:colcon.colcon_core.package_identification:_identify(.) by extension 'ros'
[0.266s] Level 1:colcon.colcon_core.package_identification:_identify(.) by extensions ['cmake', 'python']
[0.266s] Level 1:colcon.colcon_core.package_identification:_identify(.) by extension 'cmake'
[0.266s] Level 1:colcon.colcon_core.package_identification:_identify(.) by extension 'python'
[0.266s] Level 1:colcon.colcon_core.package_identification:_identify(.) by extensions ['python_setup_py']
[0.266s] Level 1:colcon.colcon_core.package_identification:_identify(.) by extension 'python_setup_py'
[0.266s] Level 1:colcon.colcon_core.package_identification:_identify(build) by extensions ['ignore', 'ignore_ament_install']
[0.266s] Level 1:colcon.colcon_core.package_identification:_identify(build) by extension 'ignore'
[0.266s] Level 1:colcon.colcon_core.package_identification:_identify(build) ignored
[0.267s] Level 1:colcon.colcon_core.package_identification:_identify(install) by extensions ['ignore', 'ignore_ament_install']
[0.267s] Level 1:colcon.colcon_core.package_identification:_identify(install) by extension 'ignore'
[0.267s] Level 1:colcon.colcon_core.package_identification:_identify(install) ignored
[0.267s] Level 1:colcon.colcon_core.package_identification:_identify(log) by extensions ['ignore', 'ignore_ament_install']
[0.267s] Level 1:colcon.colcon_core.package_identification:_identify(log) by extension 'ignore'
[0.267s] Level 1:colcon.colcon_core.package_identification:_identify(log) ignored
[0.267s] Level 1:colcon.colcon_core.package_identification:_identify(src) by extensions ['ignore', 'ignore_ament_install']
[0.267s] Level 1:colcon.colcon_core.package_identification:_identify(src) by extension 'ignore'
[0.267s] Level 1:colcon.colcon_core.package_identification:_identify(src) by extension 'ignore_ament_install'
[0.267s] Level 1:colcon.colcon_core.package_identification:_identify(src) by extensions ['colcon_pkg']
[0.267s] Level 1:colcon.colcon_core.package_identification:_identify(src) by extension 'colcon_pkg'
[0.268s] Level 1:colcon.colcon_core.package_identification:_identify(src) by extensions ['colcon_meta']
[0.268s] Level 1:colcon.colcon_core.package_identification:_identify(src) by extension 'colcon_meta'
[0.268s] Level 1:colcon.colcon_core.package_identification:_identify(src) by extensions ['ros']
[0.268s] Level 1:colcon.colcon_core.package_identification:_identify(src) by extension 'ros'
[0.268s] Level 1:colcon.colcon_core.package_identification:_identify(src) by extensions ['cmake', 'python']
[0.268s] Level 1:colcon.colcon_core.package_identification:_identify(src) by extension 'cmake'
[0.268s] Level 1:colcon.colcon_core.package_identification:_identify(src) by extension 'python'
[0.268s] Level 1:colcon.colcon_core.package_identification:_identify(src) by extensions ['python_setup_py']
[0.268s] Level 1:colcon.colcon_core.package_identification:_identify(src) by extension 'python_setup_py'
[0.268s] Level 1:colcon.colcon_core.package_identification:_identify(src/my_rover_description) by extensions ['ignore', 'ignore_ament_install']
[0.268s] Level 1:colcon.colcon_core.package_identification:_identify(src/my_rover_description) by extension 'ignore'
[0.268s] Level 1:colcon.colcon_core.package_identification:_identify(src/my_rover_description) by extension 'ignore_ament_install'
[0.268s] Level 1:colcon.colcon_core.package_identification:_identify(src/my_rover_description) by extensions ['colcon_pkg']
[0.268s] Level 1:colcon.colcon_core.package_identification:_identify(src/my_rover_description) by extension 'colcon_pkg'
[0.269s] Level 1:colcon.colcon_core.package_identification:_identify(src/my_rover_description) by extensions ['colcon_meta']
[0.269s] Level 1:colcon.colcon_core.package_identification:_identify(src/my_rover_description) by extension 'colcon_meta'
[0.269s] Level 1:colcon.colcon_core.package_identification:_identify(src/my_rover_description) by extensions ['ros']
[0.269s] Level 1:colcon.colcon_core.package_identification:_identify(src/my_rover_description) by extension 'ros'
[0.271s] DEBUG:colcon.colcon_core.package_identification:Package 'src/my_rover_description' with type 'ros.ament_cmake' and name 'my_rover_description'
[0.272s] Level 1:colcon.colcon_core.package_discovery:discover_packages(recursive) using defaults
[0.272s] Level 1:colcon.colcon_core.package_discovery:discover_packages(ignore) discover
[0.272s] Level 1:colcon.colcon_core.package_discovery:discover_packages(ignore) using defaults
[0.272s] Level 1:colcon.colcon_core.package_discovery:discover_packages(path) discover
[0.272s] Level 1:colcon.colcon_core.package_discovery:discover_packages(path) using defaults
[0.303s] Level 1:colcon.colcon_core.package_discovery:discover_packages(prefix_path) check parameters
[0.303s] Level 1:colcon.colcon_core.package_discovery:discover_packages(prefix_path) discover
[0.306s] DEBUG:colcon.colcon_installed_package_information.package_discovery:Found 1 installed packages in /home/rahul/simple_rover/install
[0.307s] DEBUG:colcon.colcon_installed_package_information.package_discovery:Found 3 installed packages in /home/rahul/bumper_bot_rover/install
[0.307s] DEBUG:colcon.colcon_installed_package_information.package_discovery:Found 3 installed packages in /home/rahul/install
[0.308s] DEBUG:colcon.colcon_installed_package_information.package_discovery:Found 7 installed packages in /home/rahul/ros2_ws/install
[0.309s] DEBUG:colcon.colcon_installed_package_information.package_discovery:Found 1 installed packages in /home/rahul/gazebo_practice/install
[0.310s] DEBUG:colcon.colcon_installed_package_information.package_discovery:Found 6 installed packages in /home/rahul/ros2_practice_ws/install
[0.311s] DEBUG:colcon.colcon_installed_package_information.package_discovery:Found 2 installed packages in /home/rahul/ros2_control_ws/install
[0.315s] DEBUG:colcon.colcon_installed_package_information.package_discovery:Found 495 installed packages in /opt/ros/jazzy
[0.317s] Level 1:colcon.colcon_core.package_discovery:discover_packages(prefix_path) using defaults
[0.413s] Level 5:colcon.colcon_core.verb:set package 'my_rover_description' build argument 'cmake_args' from command line to 'None'
[0.413s] Level 5:colcon.colcon_core.verb:set package 'my_rover_description' build argument 'cmake_target' from command line to 'None'
[0.413s] Level 5:colcon.colcon_core.verb:set package 'my_rover_description' build argument 'cmake_target_skip_unavailable' from command line to 'False'
[0.413s] Level 5:colcon.colcon_core.verb:set package 'my_rover_description' build argument 'cmake_clean_cache' from command line to 'False'
[0.413s] Level 5:colcon.colcon_core.verb:set package 'my_rover_description' build argument 'cmake_clean_first' from command line to 'False'
[0.413s] Level 5:colcon.colcon_core.verb:set package 'my_rover_description' build argument 'cmake_force_configure' from command line to 'False'
[0.413s] Level 5:colcon.colcon_core.verb:set package 'my_rover_description' build argument 'ament_cmake_args' from command line to 'None'
[0.413s] Level 5:colcon.colcon_core.verb:set package 'my_rover_description' build argument 'catkin_cmake_args' from command line to 'None'
[0.413s] Level 5:colcon.colcon_core.verb:set package 'my_rover_description' build argument 'catkin_skip_building_tests' from command line to 'False'
[0.414s] DEBUG:colcon.colcon_core.verb:Building package 'my_rover_description' with the following arguments: {'ament_cmake_args': None, 'build_base': '/home/rahul/simple_rover/build/my_rover_description', 'catkin_cmake_args': None, 'catkin_skip_building_tests': False, 'cmake_args': None, 'cmake_clean_cache': False, 'cmake_clean_first': False, 'cmake_force_configure': False, 'cmake_target': None, 'cmake_target_skip_unavailable': False, 'install_base': '/home/rahul/simple_rover/install/my_rover_description', 'merge_install': False, 'path': '/home/rahul/simple_rover/src/my_rover_description', 'symlink_install': False, 'test_result_base': None}
[0.414s] INFO:colcon.colcon_core.executor:Executing jobs using 'parallel' executor
[0.415s] DEBUG:colcon.colcon_parallel_executor.executor.parallel:run_until_complete
[0.415s] INFO:colcon.colcon_ros.task.ament_cmake.build:Building ROS package in '/home/rahul/simple_rover/src/my_rover_description' with build type 'ament_cmake'
[0.415s] INFO:colcon.colcon_cmake.task.cmake.build:Building CMake package in '/home/rahul/simple_rover/src/my_rover_description'
[0.419s] INFO:colcon.colcon_core.plugin_system:Skipping extension 'colcon_core.shell.bat': Not used on non-Windows systems
[0.419s] INFO:colcon.colcon_core.shell:Skip shell extension 'powershell' for command environment: Not usable outside of PowerShell
[0.420s] DEBUG:colcon.colcon_core.shell:Skip shell extension 'dsv' for command environment
[0.443s] DEBUG:colcon.colcon_core.event_handler.log_command:Invoking command in '/home/rahul/simple_rover/build/my_rover_description': CMAKE_PREFIX_PATH=${CMAKE_PREFIX_PATH}:/home/rahul/install/my_py_pkg:/home/rahul/ros2_ws/install/turtlesim_catch_them_all:/home/rahul/ros2_ws/install/turtle_sim_catch_them_all:/home/rahul/ros2_ws/install/my_py_pkg:/home/rahul/ros2_practice_ws/install/send_value:/home/rahul/ros2_practice_ws/install/robot_localization:/home/rahul/ros2_practice_ws/install/name_pub_node:/home/rahul/ros2_practice_ws/install/my_service_pkg:/opt/ros/jazzy DEBUGINFOD_URLS=https://debuginfod.ubuntu.com /usr/bin/cmake --build /home/rahul/simple_rover/build/my_rover_description -- -j8 -l8
[0.534s] DEBUG:colcon.colcon_core.event_handler.log_command:Invoked command in '/home/rahul/simple_rover/build/my_rover_description' returned '0': CMAKE_PREFIX_PATH=${CMAKE_PREFIX_PATH}:/home/rahul/install/my_py_pkg:/home/rahul/ros2_ws/install/turtlesim_catch_them_all:/home/rahul/ros2_ws/install/turtle_sim_catch_them_all:/home/rahul/ros2_ws/install/my_py_pkg:/home/rahul/ros2_practice_ws/install/send_value:/home/rahul/ros2_practice_ws/install/robot_localization:/home/rahul/ros2_practice_ws/install/name_pub_node:/home/rahul/ros2_practice_ws/install/my_service_pkg:/opt/ros/jazzy DEBUGINFOD_URLS=https://debuginfod.ubuntu.com /usr/bin/cmake --build /home/rahul/simple_rover/build/my_rover_description -- -j8 -l8
[0.579s] DEBUG:colcon.colcon_core.event_handler.log_command:Invoking command in '/home/rahul/simple_rover/build/my_rover_description': CMAKE_PREFIX_PATH=${CMAKE_PREFIX_PATH}:/home/rahul/install/my_py_pkg:/home/rahul/ros2_ws/install/turtlesim_catch_them_all:/home/rahul/ros2_ws/install/turtle_sim_catch_them_all:/home/rahul/ros2_ws/install/my_py_pkg:/home/rahul/ros2_practice_ws/install/send_value:/home/rahul/ros2_practice_ws/install/robot_localization:/home/rahul/ros2_practice_ws/install/name_pub_node:/home/rahul/ros2_practice_ws/install/my_service_pkg:/opt/ros/jazzy DEBUGINFOD_URLS=https://debuginfod.ubuntu.com /usr/bin/cmake --install /home/rahul/simple_rover/build/my_rover_description
[0.590s] Level 1:colcon.colcon_core.environment:create_environment_scripts_only(my_rover_description)
[0.591s] DEBUG:colcon.colcon_core.event_handler.log_command:Invoked command in '/home/rahul/simple_rover/build/my_rover_description' returned '0': CMAKE_PREFIX_PATH=${CMAKE_PREFIX_PATH}:/home/rahul/install/my_py_pkg:/home/rahul/ros2_ws/install/turtlesim_catch_them_all:/home/rahul/ros2_ws/install/turtle_sim_catch_them_all:/home/rahul/ros2_ws/install/my_py_pkg:/home/rahul/ros2_practice_ws/install/send_value:/home/rahul/ros2_practice_ws/install/robot_localization:/home/rahul/ros2_practice_ws/install/name_pub_node:/home/rahul/ros2_practice_ws/install/my_service_pkg:/opt/ros/jazzy DEBUGINFOD_URLS=https://debuginfod.ubuntu.com /usr/bin/cmake --install /home/rahul/simple_rover/build/my_rover_description
[0.601s] Level 1:colcon.colcon_core.environment:checking '/home/rahul/simple_rover/install/my_rover_description' for CMake module files
[0.603s] Level 1:colcon.colcon_core.environment:checking '/home/rahul/simple_rover/install/my_rover_description' for CMake config files
[0.604s] Level 1:colcon.colcon_core.shell:create_environment_hook('my_rover_description', 'cmake_prefix_path')
[0.604s] INFO:colcon.colcon_core.shell:Creating environment hook '/home/rahul/simple_rover/install/my_rover_description/share/my_rover_description/hook/cmake_prefix_path.ps1'
[0.606s] INFO:colcon.colcon_core.shell:Creating environment descriptor '/home/rahul/simple_rover/install/my_rover_description/share/my_rover_description/hook/cmake_prefix_path.dsv'
[0.608s] INFO:colcon.colcon_core.shell:Creating environment hook '/home/rahul/simple_rover/install/my_rover_description/share/my_rover_description/hook/cmake_prefix_path.sh'
[0.611s] Level 1:colcon.colcon_core.environment:checking '/home/rahul/simple_rover/install/my_rover_description/bin'
[0.611s] Level 1:colcon.colcon_core.environment:checking '/home/rahul/simple_rover/install/my_rover_description/lib/pkgconfig/my_rover_description.pc'
[0.612s] Level 1:colcon.colcon_core.environment:checking '/home/rahul/simple_rover/install/my_rover_description/lib/python3.12/site-packages'
[0.613s] Level 1:colcon.colcon_core.environment:checking '/home/rahul/simple_rover/install/my_rover_description/bin'
[0.614s] INFO:colcon.colcon_core.shell:Creating package script '/home/rahul/simple_rover/install/my_rover_description/share/my_rover_description/package.ps1'
[0.617s] INFO:colcon.colcon_core.shell:Creating package descriptor '/home/rahul/simple_rover/install/my_rover_description/share/my_rover_description/package.dsv'
[0.619s] INFO:colcon.colcon_core.shell:Creating package script '/home/rahul/simple_rover/install/my_rover_description/share/my_rover_description/package.sh'
[0.621s] INFO:colcon.colcon_core.shell:Creating package script '/home/rahul/simple_rover/install/my_rover_description/share/my_rover_description/package.bash'
[0.623s] INFO:colcon.colcon_core.shell:Creating package script '/home/rahul/simple_rover/install/my_rover_description/share/my_rover_description/package.zsh'
[0.626s] Level 1:colcon.colcon_core.environment:create_file_with_runtime_dependencies(/home/rahul/simple_rover/install/my_rover_description/share/colcon-core/packages/my_rover_description)
[0.629s] Level 1:colcon.colcon_core.environment:create_environment_scripts_only(my_rover_description)
[0.629s] Level 1:colcon.colcon_core.environment:checking '/home/rahul/simple_rover/install/my_rover_description' for CMake module files
[0.632s] Level 1:colcon.colcon_core.environment:checking '/home/rahul/simple_rover/install/my_rover_description' for CMake config files
[0.633s] Level 1:colcon.colcon_core.shell:create_environment_hook('my_rover_description', 'cmake_prefix_path')
[0.634s] INFO:colcon.colcon_core.shell:Creating environment hook '/home/rahul/simple_rover/install/my_rover_description/share/my_rover_description/hook/cmake_prefix_path.ps1'
[0.635s] INFO:colcon.colcon_core.shell:Creating environment descriptor '/home/rahul/simple_rover/install/my_rover_description/share/my_rover_description/hook/cmake_prefix_path.dsv'
[0.636s] INFO:colcon.colcon_core.shell:Creating environment hook '/home/rahul/simple_rover/install/my_rover_description/share/my_rover_description/hook/cmake_prefix_path.sh'
[0.638s] Level 1:colcon.colcon_core.environment:checking '/home/rahul/simple_rover/install/my_rover_description/bin'
[0.638s] Level 1:colcon.colcon_core.environment:checking '/home/rahul/simple_rover/install/my_rover_description/lib/pkgconfig/my_rover_description.pc'
[0.638s] Level 1:colcon.colcon_core.environment:checking '/home/rahul/simple_rover/install/my_rover_description/lib/python3.12/site-packages'
[0.639s] Level 1:colcon.colcon_core.environment:checking '/home/rahul/simple_rover/install/my_rover_description/bin'
[0.639s] INFO:colcon.colcon_core.shell:Creating package script '/home/rahul/simple_rover/install/my_rover_description/share/my_rover_description/package.ps1'
[0.640s] INFO:colcon.colcon_core.shell:Creating package descriptor '/home/rahul/simple_rover/install/my_rover_description/share/my_rover_description/package.dsv'
[0.640s] INFO:colcon.colcon_core.shell:Creating package script '/home/rahul/simple_rover/install/my_rover_description/share/my_rover_description/package.sh'
[0.641s] INFO:colcon.colcon_core.shell:Creating package script '/home/rahul/simple_rover/install/my_rover_description/share/my_rover_description/package.bash'
[0.642s] INFO:colcon.colcon_core.shell:Creating package script '/home/rahul/simple_rover/install/my_rover_description/share/my_rover_description/package.zsh'
[0.643s] Level 1:colcon.colcon_core.environment:create_file_with_runtime_dependencies(/home/rahul/simple_rover/install/my_rover_description/share/colcon-core/packages/my_rover_description)
[0.644s] DEBUG:colcon.colcon_parallel_executor.executor.parallel:closing loop
[0.645s] DEBUG:colcon.colcon_parallel_executor.executor.parallel:loop closed
[0.645s] DEBUG:colcon.colcon_parallel_executor.executor.parallel:run_until_complete finished with '0'
[0.645s] DEBUG:colcon.colcon_core.event_reactor:joining thread
[0.655s] INFO:colcon.colcon_core.plugin_system:Skipping extension 'colcon_notification.desktop_notification.terminal_notifier': Not used on non-Darwin systems
[0.655s] INFO:colcon.colcon_core.plugin_system:Skipping extension 'colcon_notification.desktop_notification.win32': Not used on non-Windows systems
[0.655s] INFO:colcon.colcon_notification.desktop_notification:Sending desktop notification using 'notify2'
[0.700s] DEBUG:colcon.colcon_core.event_reactor:joined thread
[0.700s] INFO:colcon.colcon_core.shell:Creating prefix script '/home/rahul/simple_rover/install/local_setup.ps1'
[0.701s] INFO:colcon.colcon_core.shell:Creating prefix util module '/home/rahul/simple_rover/install/_local_setup_util_ps1.py'
[0.704s] INFO:colcon.colcon_core.shell:Creating prefix chain script '/home/rahul/simple_rover/install/setup.ps1'
[0.710s] INFO:colcon.colcon_core.shell:Creating prefix script '/home/rahul/simple_rover/install/local_setup.sh'
[0.712s] INFO:colcon.colcon_core.shell:Creating prefix util module '/home/rahul/simple_rover/install/_local_setup_util_sh.py'
[0.713s] INFO:colcon.colcon_core.shell:Creating prefix chain script '/home/rahul/simple_rover/install/setup.sh'
[0.716s] INFO:colcon.colcon_core.shell:Creating prefix script '/home/rahul/simple_rover/install/local_setup.bash'
[0.716s] INFO:colcon.colcon_core.shell:Creating prefix chain script '/home/rahul/simple_rover/install/setup.bash'
[0.719s] INFO:colcon.colcon_core.shell:Creating prefix script '/home/rahul/simple_rover/install/local_setup.zsh'
[0.719s] INFO:colcon.colcon_core.shell:Creating prefix chain script '/home/rahul/simple_rover/install/setup.zsh'
