[0.053s] Invoking command in '/home/rahul/simple_rover/build/my_rover_bringup': CMAKE_PREFIX_PATH=${CMAKE_PREFIX_PATH}:/home/rahul/install/my_py_pkg:/home/rahul/ros2_ws/install/turtlesim_catch_them_all:/home/rahul/ros2_ws/install/turtle_sim_catch_them_all:/home/rahul/ros2_ws/install/my_py_pkg:/home/rahul/ros2_practice_ws/install/send_value:/home/rahul/ros2_practice_ws/install/robot_localization:/home/rahul/ros2_practice_ws/install/name_pub_node:/home/rahul/ros2_practice_ws/install/my_service_pkg:/opt/ros/jazzy DEBUGINFOD_URLS=https://debuginfod.ubuntu.com /usr/bin/cmake --build /home/rahul/simple_rover/build/my_rover_bringup -- -j8 -l8
[0.167s] Invoked command in '/home/rahul/simple_rover/build/my_rover_bringup' returned '0': CMAKE_PREFIX_PATH=${CMAKE_PREFIX_PATH}:/home/rahul/install/my_py_pkg:/home/rahul/ros2_ws/install/turtlesim_catch_them_all:/home/rahul/ros2_ws/install/turtle_sim_catch_them_all:/home/rahul/ros2_ws/install/my_py_pkg:/home/rahul/ros2_practice_ws/install/send_value:/home/rahul/ros2_practice_ws/install/robot_localization:/home/rahul/ros2_practice_ws/install/name_pub_node:/home/rahul/ros2_practice_ws/install/my_service_pkg:/opt/ros/jazzy DEBUGINFOD_URLS=https://debuginfod.ubuntu.com /usr/bin/cmake --build /home/rahul/simple_rover/build/my_rover_bringup -- -j8 -l8
[0.192s] Invoking command in '/home/rahul/simple_rover/build/my_rover_bringup': CMAKE_PREFIX_PATH=${CMAKE_PREFIX_PATH}:/home/rahul/install/my_py_pkg:/home/rahul/ros2_ws/install/turtlesim_catch_them_all:/home/rahul/ros2_ws/install/turtle_sim_catch_them_all:/home/rahul/ros2_ws/install/my_py_pkg:/home/rahul/ros2_practice_ws/install/send_value:/home/rahul/ros2_practice_ws/install/robot_localization:/home/rahul/ros2_practice_ws/install/name_pub_node:/home/rahul/ros2_practice_ws/install/my_service_pkg:/opt/ros/jazzy DEBUGINFOD_URLS=https://debuginfod.ubuntu.com /usr/bin/cmake --install /home/rahul/simple_rover/build/my_rover_bringup
[0.214s] -- Install configuration: ""
[0.214s] -- Up-to-date: /home/rahul/simple_rover/install/my_rover_bringup/share/my_rover_bringup//config
[0.215s] -- Up-to-date: /home/rahul/simple_rover/install/my_rover_bringup/share/my_rover_bringup//config/my_rover_controller.yaml
[0.215s] -- Up-to-date: /home/rahul/simple_rover/install/my_rover_bringup/share/ament_index/resource_index/package_run_dependencies/my_rover_bringup
[0.215s] -- Up-to-date: /home/rahul/simple_rover/install/my_rover_bringup/share/ament_index/resource_index/parent_prefix_path/my_rover_bringup
[0.215s] -- Up-to-date: /home/rahul/simple_rover/install/my_rover_bringup/share/my_rover_bringup/environment/ament_prefix_path.sh
[0.216s] -- Up-to-date: /home/rahul/simple_rover/install/my_rover_bringup/share/my_rover_bringup/environment/ament_prefix_path.dsv
[0.216s] -- Up-to-date: /home/rahul/simple_rover/install/my_rover_bringup/share/my_rover_bringup/environment/path.sh
[0.216s] -- Up-to-date: /home/rahul/simple_rover/install/my_rover_bringup/share/my_rover_bringup/environment/path.dsv
[0.216s] -- Up-to-date: /home/rahul/simple_rover/install/my_rover_bringup/share/my_rover_bringup/local_setup.bash
[0.216s] -- Up-to-date: /home/rahul/simple_rover/install/my_rover_bringup/share/my_rover_bringup/local_setup.sh
[0.216s] -- Up-to-date: /home/rahul/simple_rover/install/my_rover_bringup/share/my_rover_bringup/local_setup.zsh
[0.217s] -- Up-to-date: /home/rahul/simple_rover/install/my_rover_bringup/share/my_rover_bringup/local_setup.dsv
[0.217s] -- Installing: /home/rahul/simple_rover/install/my_rover_bringup/share/my_rover_bringup/package.dsv
[0.217s] -- Up-to-date: /home/rahul/simple_rover/install/my_rover_bringup/share/ament_index/resource_index/packages/my_rover_bringup
[0.217s] -- Up-to-date: /home/rahul/simple_rover/install/my_rover_bringup/share/my_rover_bringup/cmake/my_rover_bringupConfig.cmake
[0.218s] -- Up-to-date: /home/rahul/simple_rover/install/my_rover_bringup/share/my_rover_bringup/cmake/my_rover_bringupConfig-version.cmake
[0.218s] -- Up-to-date: /home/rahul/simple_rover/install/my_rover_bringup/share/my_rover_bringup/package.xml
[0.224s] Invoked command in '/home/rahul/simple_rover/build/my_rover_bringup' returned '0': CMAKE_PREFIX_PATH=${CMAKE_PREFIX_PATH}:/home/rahul/install/my_py_pkg:/home/rahul/ros2_ws/install/turtlesim_catch_them_all:/home/rahul/ros2_ws/install/turtle_sim_catch_them_all:/home/rahul/ros2_ws/install/my_py_pkg:/home/rahul/ros2_practice_ws/install/send_value:/home/rahul/ros2_practice_ws/install/robot_localization:/home/rahul/ros2_practice_ws/install/name_pub_node:/home/rahul/ros2_practice_ws/install/my_service_pkg:/opt/ros/jazzy DEBUGINFOD_URLS=https://debuginfod.ubuntu.com /usr/bin/cmake --install /home/rahul/simple_rover/build/my_rover_bringup
