-- Found ament_cmake: 2.5.4 (/opt/ros/jazzy/share/ament_cmake/cmake)
-- Found ament_lint_auto: 0.17.3 (/opt/ros/jazzy/share/ament_lint_auto/cmake)
-- Added test 'flake8' to check Python code syntax and style conventions
-- Configured 'flake8' exclude dirs and/or files: 
-- Added test 'lint_cmake' to check CMake code style
-- Added test 'pep257' to check Python code against some of the docstring style conventions in PEP 257
-- Added test 'xmllint' to check XML markup files
-- Configuring done (0.9s)
-- Generating done (0.0s)
-- Build files have been written to: /home/rahul/simple_rover/build/my_rover_description
-- Install configuration: ""
-- Up-to-date: /home/rahul/simple_rover/install/my_rover_description/share/my_rover_description/meshes
-- Up-to-date: /home/rahul/simple_rover/install/my_rover_description/share/my_rover_description/meshes/simple_rover_base_frame.stl
-- Up-to-date: /home/rahul/simple_rover/install/my_rover_description/share/my_rover_description/meshes/caster.stl
-- Up-to-date: /home/rahul/simple_rover/install/my_rover_description/share/my_rover_description/meshes/simple_rover.stl
-- Up-to-date: /home/rahul/simple_rover/install/my_rover_description/share/my_rover_description/meshes/left_wheel.stl
-- Up-to-date: /home/rahul/simple_rover/install/my_rover_description/share/my_rover_description/meshes/right_wheel.stl
-- Up-to-date: /home/rahul/simple_rover/install/my_rover_description/share/my_rover_description/urdf
-- Up-to-date: /home/rahul/simple_rover/install/my_rover_description/share/my_rover_description/urdf/rover_gazebo.xacro
-- Installing: /home/rahul/simple_rover/install/my_rover_description/share/my_rover_description/urdf/rover.ros2_control.xacro
-- Installing: /home/rahul/simple_rover/install/my_rover_description/share/my_rover_description/urdf/rover.urdf.xacro
-- Up-to-date: /home/rahul/simple_rover/install/my_rover_description/share/my_rover_description/rviz
-- Up-to-date: /home/rahul/simple_rover/install/my_rover_description/share/my_rover_description/rviz/display.rviz
-- Up-to-date: /home/rahul/simple_rover/install/my_rover_description/share/my_rover_description/launch
-- Up-to-date: /home/rahul/simple_rover/install/my_rover_description/share/my_rover_description/launch/gazebo.launch.py
-- Up-to-date: /home/rahul/simple_rover/install/my_rover_description/share/my_rover_description/launch/display.launch.py
-- Up-to-date: /home/rahul/simple_rover/install/my_rover_description/share/ament_index/resource_index/package_run_dependencies/my_rover_description
-- Installing: /home/rahul/simple_rover/install/my_rover_description/share/ament_index/resource_index/parent_prefix_path/my_rover_description
-- Up-to-date: /home/rahul/simple_rover/install/my_rover_description/share/my_rover_description/environment/ament_prefix_path.sh
-- Up-to-date: /home/rahul/simple_rover/install/my_rover_description/share/my_rover_description/environment/ament_prefix_path.dsv
-- Up-to-date: /home/rahul/simple_rover/install/my_rover_description/share/my_rover_description/environment/path.sh
-- Up-to-date: /home/rahul/simple_rover/install/my_rover_description/share/my_rover_description/environment/path.dsv
-- Up-to-date: /home/rahul/simple_rover/install/my_rover_description/share/my_rover_description/local_setup.bash
-- Up-to-date: /home/rahul/simple_rover/install/my_rover_description/share/my_rover_description/local_setup.sh
-- Up-to-date: /home/rahul/simple_rover/install/my_rover_description/share/my_rover_description/local_setup.zsh
-- Up-to-date: /home/rahul/simple_rover/install/my_rover_description/share/my_rover_description/local_setup.dsv
-- Installing: /home/rahul/simple_rover/install/my_rover_description/share/my_rover_description/package.dsv
-- Up-to-date: /home/rahul/simple_rover/install/my_rover_description/share/ament_index/resource_index/packages/my_rover_description
-- Up-to-date: /home/rahul/simple_rover/install/my_rover_description/share/my_rover_description/cmake/my_rover_descriptionConfig.cmake
-- Up-to-date: /home/rahul/simple_rover/install/my_rover_description/share/my_rover_description/cmake/my_rover_descriptionConfig-version.cmake
-- Installing: /home/rahul/simple_rover/install/my_rover_description/share/my_rover_description/package.xml
