[0.021s] Invoking command in '/home/rahul/simple_rover/build/my_rover_description': CMAKE_PREFIX_PATH=${CMAKE_PREFIX_PATH}:/home/rahul/install/my_py_pkg:/home/rahul/ros2_ws/install/turtlesim_catch_them_all:/home/rahul/ros2_ws/install/turtle_sim_catch_them_all:/home/rahul/ros2_ws/install/my_py_pkg:/home/rahul/ros2_practice_ws/install/send_value:/home/rahul/ros2_practice_ws/install/robot_localization:/home/rahul/ros2_practice_ws/install/name_pub_node:/home/rahul/ros2_practice_ws/install/my_service_pkg:/opt/ros/jazzy DEBUGINFOD_URLS=https://debuginfod.ubuntu.com /usr/bin/cmake /home/rahul/simple_rover/src/my_rover_description -DCMAKE_INSTALL_PREFIX=/home/rahul/simple_rover/install/my_rover_description
[0.138s] -- The C compiler identification is GNU 13.3.0
[0.247s] -- The CXX compiler identification is GNU 13.3.0
[0.287s] -- Detecting C compiler ABI info
[0.455s] -- Detecting C compiler ABI info - done
[0.469s] -- Check for working C compiler: /usr/bin/cc - skipped
[0.470s] -- Detecting C compile features
[0.470s] -- Detecting C compile features - done
[0.491s] -- Detecting CXX compiler ABI info
[0.672s] -- Detecting CXX compiler ABI info - done
[0.687s] -- Check for working CXX compiler: /usr/bin/c++ - skipped
[0.687s] -- Detecting CXX compile features
[0.688s] -- Detecting CXX compile features - done
[0.696s] -- Found ament_cmake: 2.5.4 (/opt/ros/jazzy/share/ament_cmake/cmake)
[0.963s] -- Found Python3: /usr/bin/python3 (found version "3.12.3") found components: Interpreter 
[1.201s] -- Found ament_lint_auto: 0.17.3 (/opt/ros/jazzy/share/ament_lint_auto/cmake)
[1.396s] -- Added test 'lint_cmake' to check CMake code style
[1.398s] -- Added test 'xmllint' to check XML markup files
[1.402s] -- Configuring done (1.4s)
[1.406s] -- Generating done (0.0s)
[1.409s] -- Build files have been written to: /home/rahul/simple_rover/build/my_rover_description
[1.418s] Invoked command in '/home/rahul/simple_rover/build/my_rover_description' returned '0': CMAKE_PREFIX_PATH=${CMAKE_PREFIX_PATH}:/home/rahul/install/my_py_pkg:/home/rahul/ros2_ws/install/turtlesim_catch_them_all:/home/rahul/ros2_ws/install/turtle_sim_catch_them_all:/home/rahul/ros2_ws/install/my_py_pkg:/home/rahul/ros2_practice_ws/install/send_value:/home/rahul/ros2_practice_ws/install/robot_localization:/home/rahul/ros2_practice_ws/install/name_pub_node:/home/rahul/ros2_practice_ws/install/my_service_pkg:/opt/ros/jazzy DEBUGINFOD_URLS=https://debuginfod.ubuntu.com /usr/bin/cmake /home/rahul/simple_rover/src/my_rover_description -DCMAKE_INSTALL_PREFIX=/home/rahul/simple_rover/install/my_rover_description
[1.421s] Invoking command in '/home/rahul/simple_rover/build/my_rover_description': CMAKE_PREFIX_PATH=${CMAKE_PREFIX_PATH}:/home/rahul/install/my_py_pkg:/home/rahul/ros2_ws/install/turtlesim_catch_them_all:/home/rahul/ros2_ws/install/turtle_sim_catch_them_all:/home/rahul/ros2_ws/install/my_py_pkg:/home/rahul/ros2_practice_ws/install/send_value:/home/rahul/ros2_practice_ws/install/robot_localization:/home/rahul/ros2_practice_ws/install/name_pub_node:/home/rahul/ros2_practice_ws/install/my_service_pkg:/opt/ros/jazzy DEBUGINFOD_URLS=https://debuginfod.ubuntu.com /usr/bin/cmake --build /home/rahul/simple_rover/build/my_rover_description -- -j8 -l8
[1.498s] Invoked command in '/home/rahul/simple_rover/build/my_rover_description' returned '0': CMAKE_PREFIX_PATH=${CMAKE_PREFIX_PATH}:/home/rahul/install/my_py_pkg:/home/rahul/ros2_ws/install/turtlesim_catch_them_all:/home/rahul/ros2_ws/install/turtle_sim_catch_them_all:/home/rahul/ros2_ws/install/my_py_pkg:/home/rahul/ros2_practice_ws/install/send_value:/home/rahul/ros2_practice_ws/install/robot_localization:/home/rahul/ros2_practice_ws/install/name_pub_node:/home/rahul/ros2_practice_ws/install/my_service_pkg:/opt/ros/jazzy DEBUGINFOD_URLS=https://debuginfod.ubuntu.com /usr/bin/cmake --build /home/rahul/simple_rover/build/my_rover_description -- -j8 -l8
[1.526s] Invoking command in '/home/rahul/simple_rover/build/my_rover_description': CMAKE_PREFIX_PATH=${CMAKE_PREFIX_PATH}:/home/rahul/install/my_py_pkg:/home/rahul/ros2_ws/install/turtlesim_catch_them_all:/home/rahul/ros2_ws/install/turtle_sim_catch_them_all:/home/rahul/ros2_ws/install/my_py_pkg:/home/rahul/ros2_practice_ws/install/send_value:/home/rahul/ros2_practice_ws/install/robot_localization:/home/rahul/ros2_practice_ws/install/name_pub_node:/home/rahul/ros2_practice_ws/install/my_service_pkg:/opt/ros/jazzy DEBUGINFOD_URLS=https://debuginfod.ubuntu.com /usr/bin/cmake --install /home/rahul/simple_rover/build/my_rover_description
[1.548s] -- Install configuration: ""
[1.548s] -- Installing: /home/rahul/simple_rover/install/my_rover_description/share/my_rover_description/meshes
[1.548s] -- Installing: /home/rahul/simple_rover/install/my_rover_description/share/my_rover_description/meshes/simple_rover_base_frame.stl
[1.574s] -- Installing: /home/rahul/simple_rover/install/my_rover_description/share/my_rover_description/meshes/caster.stl
[1.574s] -- Installing: /home/rahul/simple_rover/install/my_rover_description/share/my_rover_description/meshes/simple_rover.stl
[1.599s] -- Installing: /home/rahul/simple_rover/install/my_rover_description/share/my_rover_description/meshes/left_wheel.stl
[1.599s] -- Installing: /home/rahul/simple_rover/install/my_rover_description/share/my_rover_description/meshes/right_wheel.stl
[1.600s] -- Installing: /home/rahul/simple_rover/install/my_rover_description/share/my_rover_description/urdf
[1.600s] -- Installing: /home/rahul/simple_rover/install/my_rover_description/share/my_rover_description/urdf/rover.urdf.xacro
[1.600s] -- Installing: /home/rahul/simple_rover/install/my_rover_description/share/ament_index/resource_index/package_run_dependencies/my_rover_description
[1.601s] -- Installing: /home/rahul/simple_rover/install/my_rover_description/share/ament_index/resource_index/parent_prefix_path/my_rover_description
[1.601s] -- Installing: /home/rahul/simple_rover/install/my_rover_description/share/my_rover_description/environment/ament_prefix_path.sh
[1.601s] -- Installing: /home/rahul/simple_rover/install/my_rover_description/share/my_rover_description/environment/ament_prefix_path.dsv
[1.601s] -- Installing: /home/rahul/simple_rover/install/my_rover_description/share/my_rover_description/environment/path.sh
[1.602s] -- Installing: /home/rahul/simple_rover/install/my_rover_description/share/my_rover_description/environment/path.dsv
[1.602s] -- Installing: /home/rahul/simple_rover/install/my_rover_description/share/my_rover_description/local_setup.bash
[1.602s] -- Installing: /home/rahul/simple_rover/install/my_rover_description/share/my_rover_description/local_setup.sh
[1.602s] -- Installing: /home/rahul/simple_rover/install/my_rover_description/share/my_rover_description/local_setup.zsh
[1.603s] -- Installing: /home/rahul/simple_rover/install/my_rover_description/share/my_rover_description/local_setup.dsv
[1.603s] -- Installing: /home/rahul/simple_rover/install/my_rover_description/share/my_rover_description/package.dsv
[1.603s] -- Installing: /home/rahul/simple_rover/install/my_rover_description/share/ament_index/resource_index/packages/my_rover_description
[1.603s] -- Installing: /home/rahul/simple_rover/install/my_rover_description/share/my_rover_description/cmake/my_rover_descriptionConfig.cmake
[1.604s] -- Installing: /home/rahul/simple_rover/install/my_rover_description/share/my_rover_description/cmake/my_rover_descriptionConfig-version.cmake
[1.604s] -- Installing: /home/rahul/simple_rover/install/my_rover_description/share/my_rover_description/package.xml
[1.607s] Invoked command in '/home/rahul/simple_rover/build/my_rover_description' returned '0': CMAKE_PREFIX_PATH=${CMAKE_PREFIX_PATH}:/home/rahul/install/my_py_pkg:/home/rahul/ros2_ws/install/turtlesim_catch_them_all:/home/rahul/ros2_ws/install/turtle_sim_catch_them_all:/home/rahul/ros2_ws/install/my_py_pkg:/home/rahul/ros2_practice_ws/install/send_value:/home/rahul/ros2_practice_ws/install/robot_localization:/home/rahul/ros2_practice_ws/install/name_pub_node:/home/rahul/ros2_practice_ws/install/my_service_pkg:/opt/ros/jazzy DEBUGINFOD_URLS=https://debuginfod.ubuntu.com /usr/bin/cmake --install /home/rahul/simple_rover/build/my_rover_description
