[0.025s] Invoking command in '/home/rahul/simple_rover/build/my_rover_description': CMAKE_PREFIX_PATH=${CMAKE_PREFIX_PATH}:/home/rahul/install/my_py_pkg:/home/rahul/ros2_ws/install/turtlesim_catch_them_all:/home/rahul/ros2_ws/install/turtle_sim_catch_them_all:/home/rahul/ros2_ws/install/my_py_pkg:/home/rahul/ros2_practice_ws/install/send_value:/home/rahul/ros2_practice_ws/install/robot_localization:/home/rahul/ros2_practice_ws/install/name_pub_node:/home/rahul/ros2_practice_ws/install/my_service_pkg:/opt/ros/jazzy DEBUGINFOD_URLS=https://debuginfod.ubuntu.com /usr/bin/cmake --build /home/rahul/simple_rover/build/my_rover_description -- -j8 -l8
[0.095s] -- Found ament_cmake: 2.5.4 (/opt/ros/jazzy/share/ament_cmake/cmake)
[0.473s] -- Found ament_lint_auto: 0.17.3 (/opt/ros/jazzy/share/ament_lint_auto/cmake)
[0.638s] -- Added test 'flake8' to check Python code syntax and style conventions
[0.639s] -- Configured 'flake8' exclude dirs and/or files: 
[0.640s] -- Added test 'lint_cmake' to check CMake code style
[0.642s] -- Added test 'pep257' to check Python code against some of the docstring style conventions in PEP 257
[0.646s] -- Added test 'xmllint' to check XML markup files
[0.650s] -- Configuring done (0.6s)
[0.666s] -- Generating done (0.0s)
[0.669s] -- Build files have been written to: /home/rahul/simple_rover/build/my_rover_description
[0.714s] Invoked command in '/home/rahul/simple_rover/build/my_rover_description' returned '0': CMAKE_PREFIX_PATH=${CMAKE_PREFIX_PATH}:/home/rahul/install/my_py_pkg:/home/rahul/ros2_ws/install/turtlesim_catch_them_all:/home/rahul/ros2_ws/install/turtle_sim_catch_them_all:/home/rahul/ros2_ws/install/my_py_pkg:/home/rahul/ros2_practice_ws/install/send_value:/home/rahul/ros2_practice_ws/install/robot_localization:/home/rahul/ros2_practice_ws/install/name_pub_node:/home/rahul/ros2_practice_ws/install/my_service_pkg:/opt/ros/jazzy DEBUGINFOD_URLS=https://debuginfod.ubuntu.com /usr/bin/cmake --build /home/rahul/simple_rover/build/my_rover_description -- -j8 -l8
[0.732s] Invoking command in '/home/rahul/simple_rover/build/my_rover_description': CMAKE_PREFIX_PATH=${CMAKE_PREFIX_PATH}:/home/rahul/install/my_py_pkg:/home/rahul/ros2_ws/install/turtlesim_catch_them_all:/home/rahul/ros2_ws/install/turtle_sim_catch_them_all:/home/rahul/ros2_ws/install/my_py_pkg:/home/rahul/ros2_practice_ws/install/send_value:/home/rahul/ros2_practice_ws/install/robot_localization:/home/rahul/ros2_practice_ws/install/name_pub_node:/home/rahul/ros2_practice_ws/install/my_service_pkg:/opt/ros/jazzy DEBUGINFOD_URLS=https://debuginfod.ubuntu.com /usr/bin/cmake --install /home/rahul/simple_rover/build/my_rover_description
[0.773s] -- Install configuration: ""
[0.773s] -- Up-to-date: /home/rahul/simple_rover/install/my_rover_description/share/my_rover_description/meshes
[0.773s] -- Up-to-date: /home/rahul/simple_rover/install/my_rover_description/share/my_rover_description/meshes/simple_rover_base_frame.stl
[0.773s] -- Up-to-date: /home/rahul/simple_rover/install/my_rover_description/share/my_rover_description/meshes/caster.stl
[0.773s] -- Up-to-date: /home/rahul/simple_rover/install/my_rover_description/share/my_rover_description/meshes/simple_rover.stl
[0.774s] -- Up-to-date: /home/rahul/simple_rover/install/my_rover_description/share/my_rover_description/meshes/left_wheel.stl
[0.774s] -- Up-to-date: /home/rahul/simple_rover/install/my_rover_description/share/my_rover_description/meshes/right_wheel.stl
[0.774s] -- Up-to-date: /home/rahul/simple_rover/install/my_rover_description/share/my_rover_description/urdf
[0.774s] -- Installing: /home/rahul/simple_rover/install/my_rover_description/share/my_rover_description/urdf/rover_gazebo.xacro
[0.774s] -- Installing: /home/rahul/simple_rover/install/my_rover_description/share/my_rover_description/urdf/rover.urdf.xacro
[0.775s] -- Up-to-date: /home/rahul/simple_rover/install/my_rover_description/share/my_rover_description/rviz
[0.775s] -- Up-to-date: /home/rahul/simple_rover/install/my_rover_description/share/my_rover_description/rviz/display.rviz
[0.775s] -- Up-to-date: /home/rahul/simple_rover/install/my_rover_description/share/my_rover_description/launch
[0.775s] -- Installing: /home/rahul/simple_rover/install/my_rover_description/share/my_rover_description/launch/gazebo.launch.py
[0.775s] -- Up-to-date: /home/rahul/simple_rover/install/my_rover_description/share/my_rover_description/launch/display.launch.py
[0.776s] -- Installing: /home/rahul/simple_rover/install/my_rover_description/share/ament_index/resource_index/package_run_dependencies/my_rover_description
[0.776s] -- Installing: /home/rahul/simple_rover/install/my_rover_description/share/ament_index/resource_index/parent_prefix_path/my_rover_description
[0.776s] -- Up-to-date: /home/rahul/simple_rover/install/my_rover_description/share/my_rover_description/environment/ament_prefix_path.sh
[0.776s] -- Up-to-date: /home/rahul/simple_rover/install/my_rover_description/share/my_rover_description/environment/ament_prefix_path.dsv
[0.776s] -- Up-to-date: /home/rahul/simple_rover/install/my_rover_description/share/my_rover_description/environment/path.sh
[0.777s] -- Up-to-date: /home/rahul/simple_rover/install/my_rover_description/share/my_rover_description/environment/path.dsv
[0.777s] -- Up-to-date: /home/rahul/simple_rover/install/my_rover_description/share/my_rover_description/local_setup.bash
[0.777s] -- Up-to-date: /home/rahul/simple_rover/install/my_rover_description/share/my_rover_description/local_setup.sh
[0.777s] -- Up-to-date: /home/rahul/simple_rover/install/my_rover_description/share/my_rover_description/local_setup.zsh
[0.777s] -- Up-to-date: /home/rahul/simple_rover/install/my_rover_description/share/my_rover_description/local_setup.dsv
[0.777s] -- Installing: /home/rahul/simple_rover/install/my_rover_description/share/my_rover_description/package.dsv
[0.777s] -- Up-to-date: /home/rahul/simple_rover/install/my_rover_description/share/ament_index/resource_index/packages/my_rover_description
[0.778s] -- Up-to-date: /home/rahul/simple_rover/install/my_rover_description/share/my_rover_description/cmake/my_rover_descriptionConfig.cmake
[0.778s] -- Up-to-date: /home/rahul/simple_rover/install/my_rover_description/share/my_rover_description/cmake/my_rover_descriptionConfig-version.cmake
[0.778s] -- Installing: /home/rahul/simple_rover/install/my_rover_description/share/my_rover_description/package.xml
[0.779s] Invoked command in '/home/rahul/simple_rover/build/my_rover_description' returned '0': CMAKE_PREFIX_PATH=${CMAKE_PREFIX_PATH}:/home/rahul/install/my_py_pkg:/home/rahul/ros2_ws/install/turtlesim_catch_them_all:/home/rahul/ros2_ws/install/turtle_sim_catch_them_all:/home/rahul/ros2_ws/install/my_py_pkg:/home/rahul/ros2_practice_ws/install/send_value:/home/rahul/ros2_practice_ws/install/robot_localization:/home/rahul/ros2_practice_ws/install/name_pub_node:/home/rahul/ros2_practice_ws/install/my_service_pkg:/opt/ros/jazzy DEBUGINFOD_URLS=https://debuginfod.ubuntu.com /usr/bin/cmake --install /home/rahul/simple_rover/build/my_rover_description
