[0.029s] Invoking command in '/home/rahul/simple_rover/build/my_rover_description': CMAKE_PREFIX_PATH=${CMAKE_PREFIX_PATH}:/home/rahul/install/my_py_pkg:/home/rahul/ros2_ws/install/turtlesim_catch_them_all:/home/rahul/ros2_ws/install/turtle_sim_catch_them_all:/home/rahul/ros2_ws/install/my_py_pkg:/home/rahul/ros2_practice_ws/install/send_value:/home/rahul/ros2_practice_ws/install/robot_localization:/home/rahul/ros2_practice_ws/install/name_pub_node:/home/rahul/ros2_practice_ws/install/my_service_pkg:/opt/ros/jazzy DEBUGINFOD_URLS=https://debuginfod.ubuntu.com /usr/bin/cmake --build /home/rahul/simple_rover/build/my_rover_description -- -j8 -l8
[0.126s] Invoked command in '/home/rahul/simple_rover/build/my_rover_description' returned '0': CMAKE_PREFIX_PATH=${CMAKE_PREFIX_PATH}:/home/rahul/install/my_py_pkg:/home/rahul/ros2_ws/install/turtlesim_catch_them_all:/home/rahul/ros2_ws/install/turtle_sim_catch_them_all:/home/rahul/ros2_ws/install/my_py_pkg:/home/rahul/ros2_practice_ws/install/send_value:/home/rahul/ros2_practice_ws/install/robot_localization:/home/rahul/ros2_practice_ws/install/name_pub_node:/home/rahul/ros2_practice_ws/install/my_service_pkg:/opt/ros/jazzy DEBUGINFOD_URLS=https://debuginfod.ubuntu.com /usr/bin/cmake --build /home/rahul/simple_rover/build/my_rover_description -- -j8 -l8
[0.147s] Invoking command in '/home/rahul/simple_rover/build/my_rover_description': CMAKE_PREFIX_PATH=${CMAKE_PREFIX_PATH}:/home/rahul/install/my_py_pkg:/home/rahul/ros2_ws/install/turtlesim_catch_them_all:/home/rahul/ros2_ws/install/turtle_sim_catch_them_all:/home/rahul/ros2_ws/install/my_py_pkg:/home/rahul/ros2_practice_ws/install/send_value:/home/rahul/ros2_practice_ws/install/robot_localization:/home/rahul/ros2_practice_ws/install/name_pub_node:/home/rahul/ros2_practice_ws/install/my_service_pkg:/opt/ros/jazzy DEBUGINFOD_URLS=https://debuginfod.ubuntu.com /usr/bin/cmake --install /home/rahul/simple_rover/build/my_rover_description
[0.182s] -- Install configuration: ""
[0.182s] -- Up-to-date: /home/rahul/simple_rover/install/my_rover_description/share/my_rover_description/meshes
[0.182s] -- Up-to-date: /home/rahul/simple_rover/install/my_rover_description/share/my_rover_description/meshes/simple_rover_base_frame.stl
[0.182s] -- Up-to-date: /home/rahul/simple_rover/install/my_rover_description/share/my_rover_description/meshes/caster.stl
[0.182s] -- Up-to-date: /home/rahul/simple_rover/install/my_rover_description/share/my_rover_description/meshes/simple_rover.stl
[0.182s] -- Up-to-date: /home/rahul/simple_rover/install/my_rover_description/share/my_rover_description/meshes/left_wheel.stl
[0.182s] -- Up-to-date: /home/rahul/simple_rover/install/my_rover_description/share/my_rover_description/meshes/right_wheel.stl
[0.183s] -- Up-to-date: /home/rahul/simple_rover/install/my_rover_description/share/my_rover_description/urdf
[0.183s] -- Installing: /home/rahul/simple_rover/install/my_rover_description/share/my_rover_description/urdf/rover.urdf.xacro
[0.183s] -- Up-to-date: /home/rahul/simple_rover/install/my_rover_description/share/my_rover_description/rviz
[0.184s] -- Up-to-date: /home/rahul/simple_rover/install/my_rover_description/share/my_rover_description/rviz/display.rviz
[0.184s] -- Up-to-date: /home/rahul/simple_rover/install/my_rover_description/share/my_rover_description/launch
[0.184s] -- Up-to-date: /home/rahul/simple_rover/install/my_rover_description/share/my_rover_description/launch/display.launch.py
[0.184s] -- Up-to-date: /home/rahul/simple_rover/install/my_rover_description/share/ament_index/resource_index/package_run_dependencies/my_rover_description
[0.184s] -- Up-to-date: /home/rahul/simple_rover/install/my_rover_description/share/ament_index/resource_index/parent_prefix_path/my_rover_description
[0.184s] -- Up-to-date: /home/rahul/simple_rover/install/my_rover_description/share/my_rover_description/environment/ament_prefix_path.sh
[0.184s] -- Up-to-date: /home/rahul/simple_rover/install/my_rover_description/share/my_rover_description/environment/ament_prefix_path.dsv
[0.185s] -- Up-to-date: /home/rahul/simple_rover/install/my_rover_description/share/my_rover_description/environment/path.sh
[0.185s] -- Up-to-date: /home/rahul/simple_rover/install/my_rover_description/share/my_rover_description/environment/path.dsv
[0.185s] -- Up-to-date: /home/rahul/simple_rover/install/my_rover_description/share/my_rover_description/local_setup.bash
[0.185s] -- Up-to-date: /home/rahul/simple_rover/install/my_rover_description/share/my_rover_description/local_setup.sh
[0.185s] -- Up-to-date: /home/rahul/simple_rover/install/my_rover_description/share/my_rover_description/local_setup.zsh
[0.185s] -- Up-to-date: /home/rahul/simple_rover/install/my_rover_description/share/my_rover_description/local_setup.dsv
[0.185s] -- Installing: /home/rahul/simple_rover/install/my_rover_description/share/my_rover_description/package.dsv
[0.186s] -- Up-to-date: /home/rahul/simple_rover/install/my_rover_description/share/ament_index/resource_index/packages/my_rover_description
[0.186s] -- Up-to-date: /home/rahul/simple_rover/install/my_rover_description/share/my_rover_description/cmake/my_rover_descriptionConfig.cmake
[0.186s] -- Up-to-date: /home/rahul/simple_rover/install/my_rover_description/share/my_rover_description/cmake/my_rover_descriptionConfig-version.cmake
[0.186s] -- Up-to-date: /home/rahul/simple_rover/install/my_rover_description/share/my_rover_description/package.xml
[0.187s] Invoked command in '/home/rahul/simple_rover/build/my_rover_description' returned '0': CMAKE_PREFIX_PATH=${CMAKE_PREFIX_PATH}:/home/rahul/install/my_py_pkg:/home/rahul/ros2_ws/install/turtlesim_catch_them_all:/home/rahul/ros2_ws/install/turtle_sim_catch_them_all:/home/rahul/ros2_ws/install/my_py_pkg:/home/rahul/ros2_practice_ws/install/send_value:/home/rahul/ros2_practice_ws/install/robot_localization:/home/rahul/ros2_practice_ws/install/name_pub_node:/home/rahul/ros2_practice_ws/install/my_service_pkg:/opt/ros/jazzy DEBUGINFOD_URLS=https://debuginfod.ubuntu.com /usr/bin/cmake --install /home/rahul/simple_rover/build/my_rover_description
