[0.082s] Invoking command in '/home/rahul/simple_rover/build/my_rover_description': CMAKE_PREFIX_PATH=${CMAKE_PREFIX_PATH}:/home/rahul/install/my_py_pkg:/home/rahul/ros2_ws/install/turtlesim_catch_them_all:/home/rahul/ros2_ws/install/turtle_sim_catch_them_all:/home/rahul/ros2_ws/install/my_py_pkg:/home/rahul/ros2_practice_ws/install/send_value:/home/rahul/ros2_practice_ws/install/robot_localization:/home/rahul/ros2_practice_ws/install/name_pub_node:/home/rahul/ros2_practice_ws/install/my_service_pkg:/opt/ros/jazzy DEBUGINFOD_URLS=https://debuginfod.ubuntu.com /usr/bin/cmake --build /home/rahul/simple_rover/build/my_rover_description -- -j8 -l8
[0.150s] -- Found ament_cmake: 2.5.4 (/opt/ros/jazzy/share/ament_cmake/cmake)
[0.784s] -- Found ament_lint_auto: 0.17.3 (/opt/ros/jazzy/share/ament_lint_auto/cmake)
[1.078s] -- Added test 'flake8' to check Python code syntax and style conventions
[1.078s] -- Configured 'flake8' exclude dirs and/or files: 
[1.082s] -- Added test 'lint_cmake' to check CMake code style
[1.086s] -- Added test 'pep257' to check Python code against some of the docstring style conventions in PEP 257
[1.100s] -- Added test 'xmllint' to check XML markup files
[1.106s] -- Configuring done (1.0s)
[1.122s] -- Generating done (0.0s)
[1.128s] -- Build files have been written to: /home/rahul/simple_rover/build/my_rover_description
[1.190s] Invoked command in '/home/rahul/simple_rover/build/my_rover_description' returned '0': CMAKE_PREFIX_PATH=${CMAKE_PREFIX_PATH}:/home/rahul/install/my_py_pkg:/home/rahul/ros2_ws/install/turtlesim_catch_them_all:/home/rahul/ros2_ws/install/turtle_sim_catch_them_all:/home/rahul/ros2_ws/install/my_py_pkg:/home/rahul/ros2_practice_ws/install/send_value:/home/rahul/ros2_practice_ws/install/robot_localization:/home/rahul/ros2_practice_ws/install/name_pub_node:/home/rahul/ros2_practice_ws/install/my_service_pkg:/opt/ros/jazzy DEBUGINFOD_URLS=https://debuginfod.ubuntu.com /usr/bin/cmake --build /home/rahul/simple_rover/build/my_rover_description -- -j8 -l8
[1.193s] Invoking command in '/home/rahul/simple_rover/build/my_rover_description': CMAKE_PREFIX_PATH=${CMAKE_PREFIX_PATH}:/home/rahul/install/my_py_pkg:/home/rahul/ros2_ws/install/turtlesim_catch_them_all:/home/rahul/ros2_ws/install/turtle_sim_catch_them_all:/home/rahul/ros2_ws/install/my_py_pkg:/home/rahul/ros2_practice_ws/install/send_value:/home/rahul/ros2_practice_ws/install/robot_localization:/home/rahul/ros2_practice_ws/install/name_pub_node:/home/rahul/ros2_practice_ws/install/my_service_pkg:/opt/ros/jazzy DEBUGINFOD_URLS=https://debuginfod.ubuntu.com /usr/bin/cmake --install /home/rahul/simple_rover/build/my_rover_description
[1.212s] -- Install configuration: ""
[1.213s] -- Up-to-date: /home/rahul/simple_rover/install/my_rover_description/share/my_rover_description/meshes
[1.213s] -- Up-to-date: /home/rahul/simple_rover/install/my_rover_description/share/my_rover_description/meshes/simple_rover_base_frame.stl
[1.214s] -- Up-to-date: /home/rahul/simple_rover/install/my_rover_description/share/my_rover_description/meshes/caster.stl
[1.214s] -- Up-to-date: /home/rahul/simple_rover/install/my_rover_description/share/my_rover_description/meshes/simple_rover.stl
[1.214s] -- Up-to-date: /home/rahul/simple_rover/install/my_rover_description/share/my_rover_description/meshes/left_wheel.stl
[1.215s] -- Up-to-date: /home/rahul/simple_rover/install/my_rover_description/share/my_rover_description/meshes/right_wheel.stl
[1.215s] -- Up-to-date: /home/rahul/simple_rover/install/my_rover_description/share/my_rover_description/urdf
[1.216s] -- Up-to-date: /home/rahul/simple_rover/install/my_rover_description/share/my_rover_description/urdf/rover_gazebo.xacro
[1.216s] -- Installing: /home/rahul/simple_rover/install/my_rover_description/share/my_rover_description/urdf/rover.ros2_control.xacro
[1.216s] -- Installing: /home/rahul/simple_rover/install/my_rover_description/share/my_rover_description/urdf/rover.urdf.xacro
[1.216s] -- Up-to-date: /home/rahul/simple_rover/install/my_rover_description/share/my_rover_description/rviz
[1.217s] -- Up-to-date: /home/rahul/simple_rover/install/my_rover_description/share/my_rover_description/rviz/display.rviz
[1.217s] -- Up-to-date: /home/rahul/simple_rover/install/my_rover_description/share/my_rover_description/launch
[1.218s] -- Installing: /home/rahul/simple_rover/install/my_rover_description/share/my_rover_description/launch/gazebo.launch.py
[1.218s] -- Up-to-date: /home/rahul/simple_rover/install/my_rover_description/share/my_rover_description/launch/display.launch.py
[1.218s] -- Installing: /home/rahul/simple_rover/install/my_rover_description/share/ament_index/resource_index/package_run_dependencies/my_rover_description
[1.219s] -- Up-to-date: /home/rahul/simple_rover/install/my_rover_description/share/ament_index/resource_index/parent_prefix_path/my_rover_description
[1.219s] -- Up-to-date: /home/rahul/simple_rover/install/my_rover_description/share/my_rover_description/environment/ament_prefix_path.sh
[1.219s] -- Up-to-date: /home/rahul/simple_rover/install/my_rover_description/share/my_rover_description/environment/ament_prefix_path.dsv
[1.220s] -- Up-to-date: /home/rahul/simple_rover/install/my_rover_description/share/my_rover_description/environment/path.sh
[1.220s] -- Up-to-date: /home/rahul/simple_rover/install/my_rover_description/share/my_rover_description/environment/path.dsv
[1.220s] -- Up-to-date: /home/rahul/simple_rover/install/my_rover_description/share/my_rover_description/local_setup.bash
[1.221s] -- Up-to-date: /home/rahul/simple_rover/install/my_rover_description/share/my_rover_description/local_setup.sh
[1.221s] -- Up-to-date: /home/rahul/simple_rover/install/my_rover_description/share/my_rover_description/local_setup.zsh
[1.221s] -- Up-to-date: /home/rahul/simple_rover/install/my_rover_description/share/my_rover_description/local_setup.dsv
[1.222s] -- Installing: /home/rahul/simple_rover/install/my_rover_description/share/my_rover_description/package.dsv
[1.222s] -- Up-to-date: /home/rahul/simple_rover/install/my_rover_description/share/ament_index/resource_index/packages/my_rover_description
[1.222s] -- Up-to-date: /home/rahul/simple_rover/install/my_rover_description/share/my_rover_description/cmake/my_rover_descriptionConfig.cmake
[1.223s] -- Up-to-date: /home/rahul/simple_rover/install/my_rover_description/share/my_rover_description/cmake/my_rover_descriptionConfig-version.cmake
[1.223s] -- Installing: /home/rahul/simple_rover/install/my_rover_description/share/my_rover_description/package.xml
[1.225s] Invoked command in '/home/rahul/simple_rover/build/my_rover_description' returned '0': CMAKE_PREFIX_PATH=${CMAKE_PREFIX_PATH}:/home/rahul/install/my_py_pkg:/home/rahul/ros2_ws/install/turtlesim_catch_them_all:/home/rahul/ros2_ws/install/turtle_sim_catch_them_all:/home/rahul/ros2_ws/install/my_py_pkg:/home/rahul/ros2_practice_ws/install/send_value:/home/rahul/ros2_practice_ws/install/robot_localization:/home/rahul/ros2_practice_ws/install/name_pub_node:/home/rahul/ros2_practice_ws/install/my_service_pkg:/opt/ros/jazzy DEBUGINFOD_URLS=https://debuginfod.ubuntu.com /usr/bin/cmake --install /home/rahul/simple_rover/build/my_rover_description
