-- Install configuration: ""
-- Up-to-date: /home/rahul/simple_rover/install/my_rover_description/share/my_rover_description/meshes
-- Up-to-date: /home/rahul/simple_rover/install/my_rover_description/share/my_rover_description/meshes/simple_rover_base_frame.stl
-- Up-to-date: /home/rahul/simple_rover/install/my_rover_description/share/my_rover_description/meshes/caster.stl
-- Up-to-date: /home/rahul/simple_rover/install/my_rover_description/share/my_rover_description/meshes/simple_rover.stl
-- Up-to-date: /home/rahul/simple_rover/install/my_rover_description/share/my_rover_description/meshes/left_wheel.stl
-- Up-to-date: /home/rahul/simple_rover/install/my_rover_description/share/my_rover_description/meshes/right_wheel.stl
-- Up-to-date: /home/rahul/simple_rover/install/my_rover_description/share/my_rover_description/urdf
-- Up-to-date: /home/rahul/simple_rover/install/my_rover_description/share/my_rover_description/urdf/rover.urdf.xacro
-- Up-to-date: /home/rahul/simple_rover/install/my_rover_description/share/my_rover_description/rviz
-- Up-to-date: /home/rahul/simple_rover/install/my_rover_description/share/my_rover_description/rviz/display.rviz
-- Up-to-date: /home/rahul/simple_rover/install/my_rover_description/share/my_rover_description/launch
-- Installing: /home/rahul/simple_rover/install/my_rover_description/share/my_rover_description/launch/display.launch.py
-- Up-to-date: /home/rahul/simple_rover/install/my_rover_description/share/ament_index/resource_index/package_run_dependencies/my_rover_description
-- Up-to-date: /home/rahul/simple_rover/install/my_rover_description/share/ament_index/resource_index/parent_prefix_path/my_rover_description
-- Up-to-date: /home/rahul/simple_rover/install/my_rover_description/share/my_rover_description/environment/ament_prefix_path.sh
-- Up-to-date: /home/rahul/simple_rover/install/my_rover_description/share/my_rover_description/environment/ament_prefix_path.dsv
-- Up-to-date: /home/rahul/simple_rover/install/my_rover_description/share/my_rover_description/environment/path.sh
-- Up-to-date: /home/rahul/simple_rover/install/my_rover_description/share/my_rover_description/environment/path.dsv
-- Up-to-date: /home/rahul/simple_rover/install/my_rover_description/share/my_rover_description/local_setup.bash
-- Up-to-date: /home/rahul/simple_rover/install/my_rover_description/share/my_rover_description/local_setup.sh
-- Up-to-date: /home/rahul/simple_rover/install/my_rover_description/share/my_rover_description/local_setup.zsh
-- Up-to-date: /home/rahul/simple_rover/install/my_rover_description/share/my_rover_description/local_setup.dsv
-- Installing: /home/rahul/simple_rover/install/my_rover_description/share/my_rover_description/package.dsv
-- Up-to-date: /home/rahul/simple_rover/install/my_rover_description/share/ament_index/resource_index/packages/my_rover_description
-- Up-to-date: /home/rahul/simple_rover/install/my_rover_description/share/my_rover_description/cmake/my_rover_descriptionConfig.cmake
-- Up-to-date: /home/rahul/simple_rover/install/my_rover_description/share/my_rover_description/cmake/my_rover_descriptionConfig-version.cmake
-- Up-to-date: /home/rahul/simple_rover/install/my_rover_description/share/my_rover_description/package.xml
